Ya descargados: 5. Pendientes: 1530 de 1537.
+ 26-27-oviedo-segunda-equipacion (2 foto/s)
+ 26-27-oviedo-primera-equipacion (2 foto/s)
+ 26-27-schalke-04-15-28-segunda-equipacion (2 foto/s)
+ 26-27-eindhoven-primera-equipacion (2 foto/s)
+ 26-27-tijuana-edicion-especial (2 foto/s)
+ 26-27-sv-werder-bremen-segunda-equipacion (2 foto/s)
+ 26-27-nottingham-forest-segunda-equipacion (2 foto/s)
+ 26-27-sv-werder-bremen-primera-equipacion (2 foto/s)
+ 25-26-galatasaray-segunda-equipacion (2 foto/s)
+ 25-26-galatasaray-primera-equipacion (2 foto/s)
+ 26-27-toluca-segunda-equipacion (2 foto/s)
+ 26-27-flamengo-tercera-equipacion (2 foto/s)
+ 26-27-real-madrid-edicion-especial (2 foto/s)
+ 26-27-newcastle-segunda-equipacion (2 foto/s)
+ 26-27-psg-segunda-equipacion (2 foto/s)
+ 26-27-real-betis-tercera-equipacion (2 foto/s)
+ 26-27-real-betis-segunda-equipacion (2 foto/s)
+ 26-27-boca-juniors-primera-equipacion (2 foto/s)
+ 26-27-chivas-segunda-equipacion (2 foto/s)
+ 26-27-frankfurt-primera-equipacion (2 foto/s)
+ 26-27-nuremberg-tercera-equipacion (2 foto/s)
+ 26-27-leverkusen-primera-equipacion (2 foto/s)
+ 26-27-como-court-primera-equipacion (2 foto/s)
+ 26-27-celta-tercera-equipacion (2 foto/s)
+ 26-27-comoras-segunda-equipacion (2 foto/s)
+ 26-27-marseille-tercera-equipacion (2 foto/s)
+ 26-27-fiorentina-primera-equipacion (2 foto/s)
+ 26-27-schalke-04-portero (2 foto/s)
+ 26-27-palestinian-tercera-equipacion (2 foto/s)
+ 26-27-cruz-azul-segunda-equipacion (2 foto/s)
+ 26-27-toluca-primera-equipacion (2 foto/s)
+ 26-27-sporting-lisboa-primera-equipacion (2 foto/s)
+ 26-27-monterrey-segunda-equipacion (2 foto/s)
+ 26-27-manchester-united-tercera-equipacion (2 foto/s)
+ 26-27-benfica-segunda-equipacion (2 foto/s)
+ 26-27-arsenal-tercera-equipacion (2 foto/s)
+ 26-27-brighton-segunda-equipacion (2 foto/s)
+ 26-27-manchester-united-edicion-especial (2 foto/s)
+ 26-27-ac-milan-segunda-equipacion (2 foto/s)
+ 26-27-sao-paulo-segunda-equipacion (2 foto/s)
+ 26-27-benfica-tercera-equipacion (2 foto/s)
+ 26-27-flamenco-segunda-equipacion (2 foto/s)
+ 26-27-psg-edicion-especial (2 foto/s)
+ 26-27-espana-segunda-equipacion (2 foto/s)
+ 26-27-valencia-segunda-equipacion (2 foto/s)
+ 26-27-aston-villa-tercera-equipacion (2 foto/s)
+ 26-27-hamburger-sv-segunda-equipacion (2 foto/s)
+ 26-27-feyenoord-tercera-equipacion (2 foto/s)
+ 26-27-chelsea-s-4x-primera-equipacion (2 foto/s)
+ 26-27-boca-segunda-equipacion (2 foto/s)
+ 26-27-feyenoord-segunda-equipacion (2 foto/s)
+ 26-27-leicester-city-primera-equipacion (2 foto/s)
+ 26-27-napoles-primera-equipacion (2 foto/s)
+ 26-27-chivas-segunda-equipacion (2 foto/s)
+ 26-27-west-ham-primera-equipacion (2 foto/s)
+ 26-27-flamengo-segunda-equipacion (2 foto/s)
+ 26-27-ajax-segunda-equipacion (2 foto/s)
+ 26-27-psv-eindhoven-segunda-equipacion (2 foto/s)
+ 26-27-puma-primera-equipacion (2 foto/s)
+ 26-27-west-ham-segunda-equipacion (2 foto/s)
+ 26-27-tigres-primera-equipacion (2 foto/s)
+ 26-27-benfica-segunda-equipacion (2 foto/s)
+ 26-27-puma-segunda-equipacion (2 foto/s)
+ 26-27-malaga-segunda-equipacion (2 foto/s)
+ 26-27-sevilla-primera-equipacion (2 foto/s)
+ 26-27-real-sociedad-primera-equipacion (2 foto/s)
+ 26-27-real-sociedad-primera-equipacion (2 foto/s)
+ 26-27-sevilla-tercera-equipacion (2 foto/s)
+ 26-27-dinamo-primera-equipacion (2 foto/s)
+ 26-27-ajax-segunda-equipacion (2 foto/s)
+ 26-27-miami-court-primera-equipacion (2 foto/s)
+ 26-27-feyenoord-pink-portero (2 foto/s)
+ 26-27-inter-de-milan-primera-equipacion (2 foto/s)
+ 26-27-borussia-dortmund-2nd-s-4xl-segunda-equipacion (2 foto/s)
+ 26-27-roma-primera-equipacion (2 foto/s)
+ 26-27-bielefeld-primera-equipacion (2 foto/s)
+ 26-27-feyenoord-primera-equipacion (2 foto/s)
+ 26-27-aberdeen-primera-equipacion (2 foto/s)
+ 26-27-hannover-96-primera-equipacion (2 foto/s)
+ 26-27-besiktas-tercera-equipacion (2 foto/s)
+ 26-27-comoras-primera-equipacion (2 foto/s)
+ 26-27-leverkusen-segunda-equipacion (2 foto/s)
+ 26-27-besiktas-segunda-equipacion (2 foto/s)
+ 26-27-merlot-edicion-especial (2 foto/s)
+ 26-27-bournemouth-primera-equipacion (2 foto/s)
+ 26-27-malaga-tercera-equipacion (2 foto/s)
+ 26-27-napoles-tercera-equipacion (2 foto/s)
+ 26-27-colonia-segunda-equipacion (2 foto/s)
+ 26-27-real-madrid-segunda-equipacion (2 foto/s)
+ 26-27-atlanta-primera-equipacion (2 foto/s)
+ 26-27-cruz-azul-primera-equipacion (2 foto/s)
+ 26-27-manchester-city-primera-equipacion (2 foto/s)
+ 26-27-real-madrid-segunda-equipacion (2 foto/s)
+ 26-27-bayern-munich-segunda-equipacion (2 foto/s)
+ 26-27-cruzeiro-edicion-especial (2 foto/s)
+ 26-27-miami-tercera-equipacion (2 foto/s)
+ 26-27-espana-tercera-equipacion (2 foto/s)
+ 26-27-tigres-primera-equipacion (2 foto/s)
+ 26-27-coruna-segunda-equipacion (2 foto/s)
+ 26-27-west-ham-segunda-equipacion (2 foto/s)
+ 26-27-rome-segunda-equipacion (2 foto/s)
+ 26-27-birmingham-primera-equipacion (2 foto/s)
+ 26-27-arsenal-segunda-equipacion (2 foto/s)
+ 26-27-riverbed-primera-equipacion (2 foto/s)
+ 26-27-s-barcelona-segunda-equipacion (2 foto/s)
+ 26-27-everton-primera-equipacion (2 foto/s)
+ 26-27-bolonia-segunda-equipacion (2 foto/s)
+ 26-27-royal-madrid-stitching-primera-equipacion (2 foto/s)
+ 26-27-royal-madrid-embroidery-segunda-equipacion (2 foto/s)
+ 26-27-brasil-edicion-especial (2 foto/s)
+ 26-27-mallorca-primera-equipacion (2 foto/s)
+ 26-27-brighton-segunda-equipacion (2 foto/s)
+ 26-27-manchester-united-segunda-equipacion (2 foto/s)
+ 26-27-chelsea-primera-equipacion (2 foto/s)
+ 26-27-everton-segunda-equipacion (2 foto/s)
+ 26-27-sheffield-united-segunda-equipacion (2 foto/s)
+ 26-27-nottingham-forest-primera-equipacion (2 foto/s)
+ 26-espana-edicion-especial (2 foto/s)
+ 26-27-sevilla-segunda-equipacion (2 foto/s)
+ 26-27-dusseldorf-tercera-equipacion (2 foto/s)
+ 26-27-arsenal-edicion-especial (2 foto/s)
+ 26-27-mallorca-primera-equipacion (2 foto/s)
+ 14-us-tour-segunda-equipacion (2 foto/s)
+ 26-27-al-nassr-fc-primera-equipacion (2 foto/s)
+ 26-27-levante-segunda-equipacion (2 foto/s)
+ 26-27-lyon-tercera-equipacion (2 foto/s)
+ 26-27-levante-primera-equipacion (2 foto/s)
+ 26-27-west-ham-primera-equipacion (2 foto/s)
+ 26-27-vilva-primera-equipacion (2 foto/s)
+ 26-27-kaiserslautern-segunda-equipacion (2 foto/s)
+ 26-27-leeds-united-segunda-equipacion (2 foto/s)
+ 26-27-wrexham-football-club-segunda-equipacion (2 foto/s)
+ 26-27-inglaterra-edicion-especial (2 foto/s)
+ 26-27-al-nassr-fc-segunda-equipacion (2 foto/s)
+ 26-27-benfica-black-edicion-especial (2 foto/s)
+ 26-27-hamburger-sv-primera-equipacion (2 foto/s)
+ 26-27-chelsea-segunda-equipacion (2 foto/s)
+ 26-27-napoles-segunda-equipacion (2 foto/s)
+ 26-27-celtic-primera-equipacion (2 foto/s)
+ 26-27-club-america-primera-equipacion (2 foto/s)
+ 26-27-argentina-edicion-especial (2 foto/s)
+ 26-27-club-america-primera-equipacion (2 foto/s)
+ 26-27-real-madrid-retro (2 foto/s)
+ 26-27-lons-primera-equipacion (2 foto/s)
+ 26-27-malaysia-primera-equipacion (2 foto/s)
+ 26-27-lyon-segunda-equipacion (2 foto/s)
+ 26-27-al-hilal-saudi-football-club-segunda-equipacion (2 foto/s)
+ 26-27-athletic-bilbao-primera-equipacion (2 foto/s)
+ 26-27-tigres-segunda-equipacion (2 foto/s)
+ 26-27-bayern-munich-segunda-equipacion (2 foto/s)
+ 26-27-tigres-primera-equipacion (2 foto/s)
+ 26-27-ajax-primera-equipacion (2 foto/s)
+ 26-27-monterey-segunda-equipacion (2 foto/s)
+ 26-27-chelsea-tercera-equipacion (2 foto/s)
+ 26-27-ranger-s-segunda-equipacion (2 foto/s)
+ 26-27-espana-primera-equipacion (2 foto/s)
+ 26-27-celtic-segunda-equipacion (2 foto/s)
+ 26-27-coruna-primera-equipacion (2 foto/s)
+ 26-27-dortmund-primera-equipacion (2 foto/s)
+ 26-27-lyons-primera-equipacion (2 foto/s)
+ 26-27-sevilla-red-segunda-equipacion (2 foto/s)
+ 26-27-schalke-04-primera-equipacion (2 foto/s)
+ 26-27-freiburg-primera-equipacion (2 foto/s)
+ 26-27-seville-tercera-equipacion (2 foto/s)
+ 26-27-sheffield-united-segunda-equipacion (2 foto/s)
+ 26-27-schalke-04-green-segunda-equipacion (2 foto/s)
+ 26-27-herculano-primera-equipacion (2 foto/s)
+ 26-27-real-madrid-fan-edicion-especial (2 foto/s)
+ 26-27-burgos-edicion-especial (2 foto/s)
+ 26-27-bolgos-primera-equipacion (2 foto/s)
+ 26-27-burgos-tercera-equipacion (2 foto/s)
+ 26-27-norwich-primera-equipacion (2 foto/s)
+ 94-brasil-primera-equipacion (2 foto/s)
+ 26-27-burgos-segunda-equipacion (2 foto/s)
+ 26-27-benfica-edicion-especial (2 foto/s)
+ 26-27-brighton-primera-equipacion (2 foto/s)
+ 26-27-benfica-primera-equipacion (2 foto/s)
+ 26-27-nottingham-forest-primera-equipacion (2 foto/s)
+ 26-27-riyadh-victory-primera-equipacion (2 foto/s)
+ 26-27-porto-segunda-equipacion (2 foto/s)
+ 26-27-arsenal-s-segunda-equipacion (2 foto/s)
+ 26-27-chivas-regal-primera-equipacion (2 foto/s)
+ 26-27-argentine-version-retro (2 foto/s)
+ 26-27-rangers-segunda-equipacion (2 foto/s)
+ 02-suecia-primera-equipacion (2 foto/s)
+ 26-27-arsenal-gray-portero (2 foto/s)
+ 26-27-manchester-city-segunda-equipacion (2 foto/s)
+ 26-27-club-america-segunda-equipacion (2 foto/s)
+ 26-27-monterrey-primera-equipacion (2 foto/s)
+ 26-27-s-short-dress-arsenal-s-tercera-equipacion (2 foto/s)
+ 26-27-puma-segunda-equipacion (2 foto/s)
+ 26-27-puma-primera-equipacion (2 foto/s)
+ 26-27-porto-segunda-equipacion (2 foto/s)
+ 26-27-espana-retro (2 foto/s)
+ 26-27-lons-segunda-equipacion (2 foto/s)
+ 26-27-portugal-edicion-especial (2 foto/s)
+ 26-27-manchester-united-segunda-equipacion (2 foto/s)
+ 26-27-holanda-edicion-especial (2 foto/s)
+ 26-27-feyenoord-primera-equipacion (2 foto/s)
+ 26-27-benfica-primera-equipacion (2 foto/s)
+ 26-27-porto-blue-edicion-especial (2 foto/s)
+ 26-27-francia-edicion-especial (2 foto/s)
+ 26-27-sporting-lisboa-primera-equipacion (2 foto/s)
+ 26-27-porto-tercera-equipacion (2 foto/s)
+ 26-27-palma-court-primera-equipacion (2 foto/s)
+ 26-27-lons-segunda-equipacion (2 foto/s)
+ 26-27-wolves-primera-equipacion (2 foto/s)
+ 26-27-evar-s-ground-primera-equipacion (2 foto/s)
+ 26-27-st-pauli-segunda-equipacion (2 foto/s)
+ 26-27-brujas-primera-equipacion (2 foto/s)
+ 26-27-colvado-stadium-primera-equipacion (2 foto/s)
+ 26-27-hull-city-ground-primera-equipacion (2 foto/s)
+ 26-27-hearts-segunda-equipacion (2 foto/s)
+ 26-27-queen-park-rangers-ground-primera-equipacion (2 foto/s)
+ 26-27-queen-park-rangers-tercera-equipacion (2 foto/s)
+ 26-27-southampton-primera-equipacion (2 foto/s)
+ 26-27-queen-park-rangers-segunda-equipacion (2 foto/s)
+ 26-27-ovidio-court-primera-equipacion (2 foto/s)
+ 26-27-ovidio-segunda-equipacion (2 foto/s)
+ 26-27-seville-red-segunda-equipacion (2 foto/s)
+ 26-27-schalke-04-at-primera-equipacion (2 foto/s)
+ 26-27-barcelona-edicion-especial (2 foto/s)
+ 26-27-richmond-primera-equipacion (2 foto/s)
+ 26-27-chivas-segunda-equipacion (2 foto/s)
+ 26-27-lille-primera-equipacion (2 foto/s)
+ 26-27-real-sociedad-segunda-equipacion (2 foto/s)
+ 26-27-marseille-primera-equipacion (2 foto/s)
+ 26-27-monaco-primera-equipacion (2 foto/s)
+ 26-27-ac-milan-primera-equipacion (2 foto/s)
+ 26-27-club-cerro-porteno-tercera-equipacion (2 foto/s)
+ 26-27-homeless-tercera-equipacion (2 foto/s)
+ 26-27-hectafei-court-primera-equipacion (2 foto/s)
+ 26-27-tottenham-hotspur-hotspur-primera-equipacion (2 foto/s)
+ 26-27-norwich-city-primera-equipacion (2 foto/s)
+ 26-27-cruzeiro-segunda-equipacion (2 foto/s)
+ 26-27-plyer-s-chelsea-primera-equipacion (2 foto/s)
+ 26-27-colonia-primera-equipacion (2 foto/s)
+ 26-27-porto-primera-equipacion (2 foto/s)
+ 12-13-chelsea-s-primera-equipacion (2 foto/s)
+ 26-francia-portero (2 foto/s)
+ 26-27-leicester-city-primera-equipacion (2 foto/s)
+ 26-27-ac-milan-primera-equipacion (2 foto/s)
+ 26-27-borussia-monchengladbach-primera-equipacion (2 foto/s)
+ 26-27-manchester-city-segunda-equipacion (2 foto/s)
+ 26-27-mexico-portero (2 foto/s)
+ 26-27-german-tercera-equipacion (2 foto/s)
+ 26-27-borussia-dortmund-segunda-equipacion (2 foto/s)
+ 26-27-ecuador-segunda-equipacion (2 foto/s)
+ 26-27-borogos-tercera-equipacion (2 foto/s)
+ 26-27-sunderland-segunda-equipacion (2 foto/s)
+ 26-27-celtic-tercera-equipacion (2 foto/s)
+ 26-27-kisa-villarreal-primera-equipacion (2 foto/s)
+ 26-27-marseille-segunda-equipacion (2 foto/s)
+ 26-27-dortmund-primera-equipacion (2 foto/s)
+ 26-27-aston-villa-primera-equipacion (2 foto/s)
+ 26-27-tottenham-hotspur-16-30-segunda-equipacion (2 foto/s)
+ 26-27-arsenal-segunda-equipacion (2 foto/s)
+ 26-27-newcastle-16-30-primera-equipacion (2 foto/s)
+ 26-27-napoles-primera-equipacion (2 foto/s)
+ 26-27-bayern-munich-edicion-especial (2 foto/s)
+ 26-27-atletico-de-madrid-segunda-equipacion (2 foto/s)
+ 26-27-barcelona-segunda-equipacion (2 foto/s)
+ 26-27-barcelona-tercera-equipacion (2 foto/s)
+ 26-27-inter-de-milan-primera-equipacion (2 foto/s)
+ 26-27-tancaster-court-primera-equipacion (2 foto/s)
+ 26-27-manchester-city-s-tercera-equipacion (2 foto/s)
+ 26-27-style-real-madrid-blue-retro (2 foto/s)
+ 26-27-panamera-portero (2 foto/s)
+ 26-27-newcastle-primera-equipacion (2 foto/s)
+ 26-27-real-madrid-white-retro (2 foto/s)
+ 26-27-style-real-madrid-white-retro (2 foto/s)
+ 26-27-eindhoven-segunda-equipacion (2 foto/s)
+ 25-26-vancouver-segunda-equipacion (2 foto/s)
+ 26-27-everton-primera-equipacion (2 foto/s)
+ 26-27-lens-primera-equipacion (2 foto/s)
+ 26-27-barranquilla-segunda-equipacion (2 foto/s)
+ 26-27-barranquilla-primera-equipacion (2 foto/s)
+ 26-27-barcelona-primera-equipacion (2 foto/s)
+ 26-27-olympia-tercera-equipacion (2 foto/s)
+ 26-27-marseille-segunda-equipacion (2 foto/s)
+ 26-27-tottenham-hotspur-segunda-equipacion (2 foto/s)
+ 26-27-universidad-catolica-tercera-equipacion (2 foto/s)
+ 25-26-gadiss-retro (2 foto/s)
+ 26-27-leeds-united-segunda-equipacion (2 foto/s)
+ 26-27-inter-de-milan-segunda-equipacion (2 foto/s)
+ 26-iraq-segunda-equipacion (2 foto/s)
+ 26-cabo-verde-primera-equipacion (2 foto/s)
+ 26-cabo-verde-segunda-equipacion (2 foto/s)
+ 26-27-cabo-verde-segunda-equipacion (2 foto/s)
+ 26-27-botafogo-primera-equipacion (2 foto/s)
+ 26-iraq-primera-equipacion (2 foto/s)
+ 26-qatar-segunda-equipacion (2 foto/s)
+ 26-27-botafogo-pb-primera-equipacion (2 foto/s)
+ 25-26-portugal-edicion-especial (2 foto/s)
+ 26-27-derby-county-f-c-primera-equipacion (2 foto/s)
+ 26-27-ghana-edicion-especial (2 foto/s)
+ 26-27-panama-primera-equipacion (2 foto/s)
+ 26-27-barcelona-joint-edicion-especial (2 foto/s)
+ 26-27-panama-tercera-equipacion (2 foto/s)
+ 26-27-rc-lens-primera-equipacion (2 foto/s)
+ 26-27-panama-segunda-equipacion (2 foto/s)
+ 25-26-new-york-city-primera-equipacion (2 foto/s)
+ 26-27-red-bull-leipzig-segunda-equipacion (2 foto/s)
+ 26-27-red-bull-leipzig-primera-equipacion (2 foto/s)
+ 26-27-preston-court-primera-equipacion (2 foto/s)
+ 26-27-lyon-primera-equipacion (2 foto/s)
+ 26-27-panama-primera-equipacion (2 foto/s)
+ 26-27-flamenco-retro (2 foto/s)
+ 26-27-manchester-city-primera-equipacion (2 foto/s)
+ 26-27-panama-segunda-equipacion (2 foto/s)
+ 26-27-feyenoord-tercera-equipacion (2 foto/s)
+ 26-27-cabo-verde-tercera-equipacion (2 foto/s)
+ 26-27-alemania-segunda-equipacion (2 foto/s)
+ 26-27-estados-unidos-segunda-equipacion (2 foto/s)
+ 26-27-japon-segunda-equipacion (2 foto/s)
+ 26-27-alemania-primera-equipacion (2 foto/s)
+ 23-24-japon-edicion-especial (2 foto/s)
+ 26-27-haiti-edicion-especial (2 foto/s)
+ 25-26-arsenal-embroidered-tercera-equipacion (2 foto/s)
+ 26-27-espana-tercera-equipacion (2 foto/s)
+ 26-27-galaxy-court-primera-equipacion (2 foto/s)
+ 26-27-cabo-verde-portero (2 foto/s)
+ 26-27-camerun-tercera-equipacion (2 foto/s)
+ 26-27-camerun-segunda-equipacion (2 foto/s)
+ 26-27-camerun-primera-equipacion (2 foto/s)
+ 26-mexican-retro (2 foto/s)
+ 24-25-ghana-segunda-equipacion (2 foto/s)
+ 98-estados-unidos-primera-equipacion (2 foto/s)
+ 98-estados-unidos-segunda-equipacion (2 foto/s)
+ 26-27-portuguese-portero (2 foto/s)
+ 26-27-portuguese-pink-portero (2 foto/s)
+ 26-27-como-limited-tercera-equipacion (2 foto/s)
+ 22-23-japon-primera-equipacion (2 foto/s)
+ 26-27-indonesia-segunda-equipacion (2 foto/s)
+ 26-27-japon-portero (2 foto/s)
+ 26-27-indonesia-primera-equipacion (2 foto/s)
+ 26-27-psg-segunda-equipacion (2 foto/s)
+ 25-26-vancouver-segunda-equipacion (2 foto/s)
+ 26-27-denmark-primera-equipacion (2 foto/s)
+ 26-27-real-madrid-tercera-equipacion (2 foto/s)
+ 26-27-manchester-united-primera-equipacion (2 foto/s)
+ 25-26-vancouver-primera-equipacion (2 foto/s)
+ 26-27-psg-primera-equipacion (2 foto/s)
+ 26-27-arsenal-primera-equipacion (2 foto/s)
+ 26-mexico-tercera-equipacion (2 foto/s)
+ 26-francia-portero (2 foto/s)
+ 26-bosnia-segunda-equipacion (2 foto/s)
+ 26-curacao-primera-equipacion (2 foto/s)
+ 26-bosnia-primera-equipacion (2 foto/s)
+ 26-jordania-segunda-equipacion (2 foto/s)
+ 26-iran-primera-equipacion (2 foto/s)
+ 26-iran-segunda-equipacion (2 foto/s)
+ 26-jordania-tercera-equipacion (2 foto/s)
+ 26-jordania-primera-equipacion (2 foto/s)
+ 26-dusseldorf-primera-equipacion (2 foto/s)
+ 26-bolivia-segunda-equipacion (2 foto/s)
+ 26-copenhagen-primera-equipacion (2 foto/s)
+ 26-27-porto-primera-equipacion (2 foto/s)
+ 26-27-montreal-segunda-equipacion (2 foto/s)
+ 26-bolivia-primera-equipacion (2 foto/s)
+ 26-27-philadelphia-primera-equipacion (2 foto/s)
+ 26-holanda-portero (2 foto/s)
+ 26-27-toronto-segunda-equipacion (2 foto/s)
+ 26-27-haiti-portero (2 foto/s)
+ 26-27-portland-segunda-equipacion (2 foto/s)
+ 26-27-ajax-tercera-equipacion (2 foto/s)
+ 26-iraq-primera-equipacion (2 foto/s)
+ 26-iraq-segunda-equipacion (2 foto/s)
+ 26-27-portuguese-cr7-edicion-especial (2 foto/s)
+ 26-27-canada-segunda-equipacion (2 foto/s)
+ 26-27-canada-tercera-equipacion (2 foto/s)
+ 26-27-canada-primera-equipacion (2 foto/s)
+ 26-27-ucrania-primera-equipacion (2 foto/s)
+ 26-27-uzbekistan-segunda-equipacion (2 foto/s)
+ 26-estados-unidos-primera-equipacion (2 foto/s)
+ 26-algeria-primera-equipacion (2 foto/s)
+ 26-27-real-madrid-primera-equipacion (2 foto/s)
+ 26-27-real-madrid-primera-equipacion (2 foto/s)
+ 25-26-barcelona-s-tercera-equipacion (2 foto/s)
+ 25-26-real-madrid-with-sponsors-primera-equipacion (2 foto/s)
+ 26-argentina-primera-equipacion (2 foto/s)
+ 26-27-german-football-edicion-especial (2 foto/s)
+ 24-25-real-madrid-primera-equipacion (2 foto/s)
+ 26-australia-segunda-equipacion (2 foto/s)
+ 26-australia-primera-equipacion (2 foto/s)
+ 26-japon-edicion-especial (2 foto/s)
+ 25-26-colombia-primera-equipacion (2 foto/s)
+ 26-japon-segunda-equipacion (2 foto/s)
+ 26-islandia-primera-equipacion (2 foto/s)
+ 26-republica-checa-primera-equipacion (2 foto/s)
+ 26-finlandia-primera-equipacion (2 foto/s)
+ 26-republica-checa-segunda-equipacion (2 foto/s)
+ 26-slovenia-segunda-equipacion (2 foto/s)
+ 26-finlandia-segunda-equipacion (2 foto/s)
+ 26-australian-segunda-equipacion (2 foto/s)
+ 26-japon-primera-equipacion (2 foto/s)
+ 26-australian-primera-equipacion (2 foto/s)
+ 26-irlanda-segunda-equipacion (2 foto/s)
+ 26-polonia-primera-equipacion (2 foto/s)
+ 26-polonia-segunda-equipacion (2 foto/s)
+ 26-costa-rica-primera-equipacion (2 foto/s)
+ 26-francia-segunda-equipacion (2 foto/s)
+ 26-paraguay-segunda-equipacion (2 foto/s)
+ 26-costa-rica-segunda-equipacion (2 foto/s)
+ 26-colombia-segunda-equipacion (2 foto/s)
+ 26-croacia-primera-equipacion (2 foto/s)
+ 26-qatar-primera-equipacion (2 foto/s)
+ 26-colombia-primera-equipacion (2 foto/s)
+ 26-arabia-saudi-primera-equipacion (2 foto/s)
+ 26-corea-segunda-equipacion (2 foto/s)
+ 26-corea-primera-equipacion (2 foto/s)
+ 26-paraguay-primera-equipacion (2 foto/s)
+ 26-ghana-edicion-especial (2 foto/s)
+ 26-corea-segunda-equipacion (2 foto/s)
+ 26-paraguay-segunda-equipacion (2 foto/s)
+ 26-senegal-primera-equipacion (2 foto/s)
+ 26-peru-segunda-equipacion (2 foto/s)
+ 26-morocco-primera-equipacion (2 foto/s)
+ 26-peru-primera-equipacion (2 foto/s)
+ 26-south-africa-primera-equipacion (2 foto/s)
+ 26-south-africa-primera-equipacion (2 foto/s)
+ 26-south-africa-segunda-equipacion (2 foto/s)
+ 26-south-africa-segunda-equipacion (2 foto/s)
+ 26-tunisia-primera-equipacion (2 foto/s)
+ 26-tunisia-segunda-equipacion (2 foto/s)
+ 26-brasil-edicion-especial (2 foto/s)
+ 26-curacao-segunda-equipacion (2 foto/s)
+ 77-brasil-primera-equipacion (2 foto/s)
+ 26-curacao-segunda-equipacion (2 foto/s)
+ 26-estados-unidos-segunda-equipacion (2 foto/s)
+ 26-haiti-tercera-equipacion (2 foto/s)
+ 26-haiti-segunda-equipacion (2 foto/s)
+ 26-jamaica-segunda-equipacion (2 foto/s)
+ 26-haiti-primera-equipacion (2 foto/s)
+ 26-jamaica-primera-equipacion (2 foto/s)
+ 26-mexico-segunda-equipacion (2 foto/s)
+ 26-noruega-tercera-equipacion (2 foto/s)
+ 27-brasil-segunda-equipacion (2 foto/s)
+ 26-mexico-segunda-equipacion (2 foto/s)
+ 26-mexico-primera-equipacion (2 foto/s)
+ 26-mexico-primera-equipacion (2 foto/s)
+ 26-brasil-portero (2 foto/s)
+ 26-brasil-segunda-equipacion (2 foto/s)
+ 27-brasil-primera-equipacion (2 foto/s)
+ 26-brasil-segunda-equipacion (2 foto/s)
+ 26-inglaterra-portero (2 foto/s)
+ 26-brasil-primera-equipacion (2 foto/s)
+ 26-brasil-portero (2 foto/s)
+ 26-brasil-primera-equipacion (2 foto/s)
+ 26-uruguay-segunda-equipacion (2 foto/s)
+ 26-chile-primera-equipacion (2 foto/s)
+ 26-estados-unidos-primera-equipacion (2 foto/s)
+ 26-chile-segunda-equipacion (2 foto/s)
+ 26-chile-segunda-equipacion (2 foto/s)
+ 26-venezuela-segunda-equipacion (2 foto/s)
+ 26-espana-segunda-equipacion (2 foto/s)
+ 26-venezuela-primera-equipacion (2 foto/s)
+ 26-espana-portero (2 foto/s)
+ 26-espana-segunda-equipacion (2 foto/s)
+ 26-espana-primera-equipacion (2 foto/s)
+ 26-espana-primera-equipacion (2 foto/s)
+ 26-inglaterra-segunda-equipacion (2 foto/s)
+ 26-inglaterra-primera-equipacion (2 foto/s)
+ 26-hungria-primera-equipacion (2 foto/s)
+ 26-hungria-segunda-equipacion (2 foto/s)
+ 26-hungria-primera-equipacion (2 foto/s)
+ 26-hungria-segunda-equipacion (2 foto/s)
+ 26-suecia-segunda-equipacion (2 foto/s)
+ 26-irlanda-primera-equipacion (2 foto/s)
+ 26-suecia-primera-equipacion (2 foto/s)
+ 26-portugal-segunda-equipacion (2 foto/s)
+ 26-irlanda-segunda-equipacion (2 foto/s)
+ 26-irlanda-primera-equipacion (2 foto/s)
+ 26-27-noruega-segunda-equipacion (2 foto/s)
+ 26-27-fluminense-segunda-equipacion (2 foto/s)
+ 26-27-irlanda-segunda-equipacion (2 foto/s)
+ 26-27-senegal-16-30-segunda-equipacion (2 foto/s)
+ 26-portugal-primera-equipacion (2 foto/s)
+ 26-francia-segunda-equipacion (2 foto/s)
+ 26-austria-primera-equipacion (2 foto/s)
+ 26-suiza-primera-equipacion (2 foto/s)
+ 26-francia-primera-equipacion (2 foto/s)
+ 26-italia-primera-equipacion (2 foto/s)
+ 26-italia-segunda-equipacion (2 foto/s)
+ 26-turquia-primera-equipacion (2 foto/s)
+ 26-italia-primera-equipacion (2 foto/s)
+ 26-turquia-segunda-equipacion (2 foto/s)
+ 26-turquia-segunda-equipacion (2 foto/s)
+ 26-turquia-primera-equipacion (2 foto/s)
+ 26-belgica-segunda-equipacion (2 foto/s)
+ 26-27-holanda-primera-equipacion (2 foto/s)
+ 26-belgica-segunda-equipacion (2 foto/s)
+ 25-belgica-primera-equipacion (2 foto/s)
+ 26-27-holanda-segunda-equipacion (2 foto/s)
+ 26-escocia-segunda-equipacion (2 foto/s)
+ 26-escocia-segunda-equipacion (2 foto/s)
+ 26-escocia-primera-equipacion (2 foto/s)
+ 26-escocia-primera-equipacion (2 foto/s)
+ 26-alemania-portero (2 foto/s)
+ 26-croacia-segunda-equipacion (2 foto/s)
+ 26-alemania-primera-equipacion (2 foto/s)
+ 26-alemania-segunda-equipacion (2 foto/s)
+ 26-alemania-primera-equipacion (2 foto/s)
+ 26-alemania-segunda-equipacion (2 foto/s)
+ 26-gales-segunda-equipacion (2 foto/s)
+ 26-gales-primera-equipacion (2 foto/s)
+ 26-gales-primera-equipacion (2 foto/s)
+ 94-chile-primera-equipacion (2 foto/s)
+ 26-gales-segunda-equipacion (2 foto/s)
+ 25-26-lyon-primera-equipacion (2 foto/s)
+ 94-brasil-portero (2 foto/s)
+ 95-96-derby-county-primera-equipacion (2 foto/s)
+ 26-27-chile-segunda-equipacion (2 foto/s)
+ 26-27-albania-segunda-equipacion (2 foto/s)
+ 26-27-costa-de-marfil-segunda-equipacion (2 foto/s)
+ 26-27-eindhoven-segunda-equipacion (2 foto/s)
+ 26-tunisia-primera-equipacion (2 foto/s)
+ 26-arabia-saudi-segunda-equipacion (2 foto/s)
+ 26-egipto-primera-equipacion (2 foto/s)
+ 26-27-leeds-united-primera-equipacion (2 foto/s)
+ 26-27-olympic-primera-equipacion (2 foto/s)
+ 26-27-olympic-tercera-equipacion (2 foto/s)
+ 26-27-brasil-portero (2 foto/s)
+ 26-27-colo-colo-edicion-especial (2 foto/s)
+ 26-27-club-america-primera-equipacion (2 foto/s)
+ 26-27-rangers-primera-equipacion (2 foto/s)
+ 26-27-mexico-edicion-especial (2 foto/s)
+ 26-27-argentina-segunda-equipacion (2 foto/s)
+ 26-27-santos-primera-equipacion (2 foto/s)
+ 26-27-cruzeiro-primera-equipacion (2 foto/s)
+ 26-27-japon-segunda-equipacion (2 foto/s)
+ 26-27-nigeria-segunda-equipacion (2 foto/s)
+ 26-27-st-cross-court-primera-equipacion (2 foto/s)
+ 26-27-barcelona-red-blue-edicion-especial (2 foto/s)
+ 26-27-red-bull-bragantino-primera-equipacion (2 foto/s)
+ 26-27-costa-de-marfil-primera-equipacion (2 foto/s)
+ 26-27-gremio-segunda-equipacion (2 foto/s)
+ 24-25-atlas-green-edicion-especial (2 foto/s)
+ 26-27-south-africa-white-edicion-especial (2 foto/s)
+ 26-27-arabia-saudi-segunda-equipacion (2 foto/s)
+ 26-27-corinthians-primera-equipacion (2 foto/s)
+ 26-27-austria-segunda-equipacion (2 foto/s)
+ 26-27-bosnia-primera-equipacion (2 foto/s)
+ 26-27-gremio-primera-equipacion (2 foto/s)
+ 26-27-bosnia-segunda-equipacion (2 foto/s)
+ 26-27-palestinians-segunda-equipacion (2 foto/s)
+ 26-27-jamaica-retro (2 foto/s)
+ 26-27-australia-segunda-equipacion (2 foto/s)
+ 26-27-english-orange-portero (2 foto/s)
+ 26-27-palestinians-primera-equipacion (2 foto/s)
+ 26-27-schalke04-segunda-equipacion (2 foto/s)
+ 26-27-toluca-court-primera-equipacion (2 foto/s)
+ 26-27-schalke04-primera-equipacion (2 foto/s)
+ 26-27-toluca-tercera-equipacion (2 foto/s)
+ 26-27-bode-sparkling-primera-equipacion (2 foto/s)
+ 26-27-saint-etienne-segunda-equipacion (2 foto/s)
+ 26-ghana-segunda-equipacion (2 foto/s)
+ 26-27-german-portero (2 foto/s)
+ 26-27-louis-primera-equipacion (2 foto/s)
+ 26-27-seville-renovation-retro (2 foto/s)
+ 26-27-estados-unidos-portero (2 foto/s)
+ 26-27-australia-primera-equipacion (2 foto/s)
+ 26-27-saint-etienne-edicion-especial (2 foto/s)
+ 26-us-black-portero (2 foto/s)
+ 26-morocco-segunda-equipacion (2 foto/s)
+ 26-27-santander-113th-anniversary-portero (2 foto/s)
+ 26-27-polonia-primera-equipacion (2 foto/s)
+ 26-27-corea-primera-equipacion (2 foto/s)
+ 26-27-polonia-segunda-equipacion (2 foto/s)
+ 26-27-millionaire-primera-equipacion (2 foto/s)
+ 26-27-venezia-tercera-equipacion (2 foto/s)
+ 26-27-riyadh-new-moon-edicion-especial (2 foto/s)
+ 26-27-benfica-edicion-especial (2 foto/s)
+ 26-27-boteno-hill-court-primera-equipacion (2 foto/s)
+ 26-27-eindhoven-edicion-especial (2 foto/s)
+ 26-27-albania-tercera-equipacion (2 foto/s)
+ 26-denmark-primera-equipacion (2 foto/s)
+ 26-27-toluca-primera-equipacion (2 foto/s)
+ 26-27-newell-s-segunda-equipacion (2 foto/s)
+ 26-27-new-zealand-segunda-equipacion (2 foto/s)
+ 26-27-japon-primera-equipacion (2 foto/s)
+ 26-27-scottish-yellow-portero (2 foto/s)
+ 26-27-sunderland-green-edicion-especial (2 foto/s)
+ 25-26-dortmund-black-edicion-especial (2 foto/s)
+ 26-27-intelligence-university-tercera-equipacion (2 foto/s)
+ 25-26-dortmund-edicion-especial (2 foto/s)
+ 26-27-paraguay-segunda-equipacion (2 foto/s)
+ 25-26-al-ahly-primera-equipacion (2 foto/s)
+ 26-qatar-segunda-equipacion (2 foto/s)
+ 26-27-argentina-segunda-equipacion (2 foto/s)
+ 26-ucrania-segunda-equipacion (2 foto/s)
+ 25-26-leipzig-edicion-especial (2 foto/s)
+ 26-27-rosenberg-court-primera-equipacion (2 foto/s)
+ 26-27-united-arab-emirates-segunda-equipacion (2 foto/s)
+ 26-27-penarol-segunda-equipacion (2 foto/s)
+ 26-27-peru-segunda-equipacion (2 foto/s)
+ 26-27-grecia-segunda-equipacion (2 foto/s)
+ 26-27-suecia-segunda-equipacion (2 foto/s)
+ 26-27-dortmund-edicion-especial (2 foto/s)
+ 26-27-borghaus-black-edicion-especial (2 foto/s)
+ 26-27-costa-rica-segunda-equipacion (2 foto/s)
+ 26-27-ghana-segunda-equipacion (2 foto/s)
+ 26-27-ghana-tercera-equipacion (2 foto/s)
+ 26-27-paraguay-primera-equipacion (2 foto/s)
+ 26-27-ghana-primera-equipacion (2 foto/s)
+ 26-27-ecuador-tercera-equipacion (2 foto/s)
+ 26-27-ecuador-segunda-equipacion (2 foto/s)
+ 26-27-ecuador-primera-equipacion (2 foto/s)
+ 25-26-mexico-edicion-especial (2 foto/s)
+ 26-27-psg-cuarta-equipacion (2 foto/s)
+ 26-27-hungria-segunda-equipacion (2 foto/s)
+ 26-27-venezuela-segunda-equipacion (2 foto/s)
+ 26-27-salzburg-red-bulls-segunda-equipacion (2 foto/s)
+ 26-27-celtic-segunda-equipacion (2 foto/s)
+ 26-27-albania-primera-equipacion (2 foto/s)
+ 26-27-leipzig-primera-equipacion (2 foto/s)
+ 26-27-shining-primera-equipacion (2 foto/s)
+ 16-escocia-edicion-especial (2 foto/s)
+ 26-27-brasil-primera-equipacion (2 foto/s)
+ 25-26-bohemian-f-c-primera-equipacion (2 foto/s)
+ 26-27-boteno-hill-segunda-equipacion (2 foto/s)
+ 26-27-bolivia-primera-equipacion (2 foto/s)
+ 26-27-olympia-segunda-equipacion (2 foto/s)
+ 26-27-olympia-court-primera-equipacion (2 foto/s)
+ 26-27-bolivia-segunda-equipacion (2 foto/s)
+ 26-27-stamford-park-primera-equipacion (2 foto/s)
+ 26-27-vancouver-primera-equipacion (2 foto/s)
+ 26-27-baoshun-sun-god-court-primera-equipacion (2 foto/s)
+ 26-27-penarol-primera-equipacion (2 foto/s)
+ 26-27-saffield-segunda-equipacion (2 foto/s)
+ 26-27-chile-primera-equipacion (2 foto/s)
+ 26-27-crystal-sports-court-primera-equipacion (2 foto/s)
+ 26-27-chicago-primera-equipacion (2 foto/s)
+ 26-27-plata-university-students-primera-equipacion (2 foto/s)
+ 26-27-charlotte-primera-equipacion (2 foto/s)
+ 26-27-plata-university-students-segunda-equipacion (2 foto/s)
+ 26-27-free-primera-equipacion (2 foto/s)
+ 26-27-universidad-catolica-segunda-equipacion (2 foto/s)
+ 26-27-marseille-10th-edicion-especial (2 foto/s)
+ 26-augsburg-tercera-equipacion (2 foto/s)
+ 26-27-inglaterra-primera-equipacion (2 foto/s)
+ 26-27-japon-primera-equipacion (2 foto/s)
+ 26-27-national-stadium-ground-primera-equipacion (2 foto/s)
+ 26-27-galaxy-primera-equipacion (2 foto/s)
+ 26-27-national-sport-stadium-segunda-equipacion (2 foto/s)
+ 25-26-benfica-tercera-equipacion (2 foto/s)
+ 26-27-real-betis-portero (2 foto/s)
+ 25-26-le-havre-tercera-equipacion (2 foto/s)
+ 26-27-estados-unidos-segunda-equipacion (2 foto/s)
+ 25-26-boca-youth-tercera-equipacion (2 foto/s)
+ 26-27-los-angeles-primera-equipacion (2 foto/s)
+ 26-27-figeen-played-segunda-equipacion (2 foto/s)
+ 26-27-vasco-da-gama-rj-segunda-equipacion (2 foto/s)
+ 26-27-uruguay-edicion-especial (2 foto/s)
+ 25-26-hamburg-primera-equipacion (2 foto/s)
+ 26-27-vasco-da-gama-rj-primera-equipacion (2 foto/s)
+ 26-27-fluminense-primera-equipacion (2 foto/s)
+ 26-27-fruimense-segunda-equipacion (2 foto/s)
+ 25-26-luton-black-edicion-especial (2 foto/s)
+ 26-27-universidad-de-chile-segunda-equipacion (2 foto/s)
+ 25-26-arsenal-edicion-especial (2 foto/s)
+ 25-26-benfica-red-white-edicion-especial (2 foto/s)
+ 26-27-leeds-united-yellow-segunda-equipacion (2 foto/s)
+ 25-26-manchester-edicion-especial (2 foto/s)
+ 26-27-cruisersro-primera-equipacion (2 foto/s)
+ 26-27-chivas-regal-edicion-especial (2 foto/s)
+ 25-26-chivas-regal-red-cuarta-equipacion (2 foto/s)
+ 26-27-real-betis-edicion-especial (2 foto/s)
+ 26-27-geneva-segunda-equipacion (2 foto/s)
+ 26-27-geneva-court-primera-equipacion (2 foto/s)
+ 26-algerian-white-edicion-especial (2 foto/s)
+ 26-27-colocolo-segunda-equipacion (2 foto/s)
+ 26-27-chivas-regal-tercera-equipacion (2 foto/s)
+ 26-27-flamengo-primera-equipacion (2 foto/s)
+ 26-27-bohemians-segunda-equipacion (2 foto/s)
+ 25-26-dresden-black-edicion-especial (2 foto/s)
+ 25-26-lans-tercera-equipacion (2 foto/s)
+ 25-26-lens-white-portero (2 foto/s)
+ 26-27-graz-black-edicion-especial (2 foto/s)
+ 26-27-english-portero (2 foto/s)
+ 26-27-barcelona-purple-segunda-equipacion (2 foto/s)
+ 26-27-francia-segunda-equipacion (2 foto/s)
+ 25-26-everton-s-tercera-equipacion (2 foto/s)
+ 26-27-celtic-primera-equipacion (2 foto/s)
+ 26-27-clube-atletico-mineiro-primera-equipacion (2 foto/s)
+ 25-26-porto-cuarta-equipacion (2 foto/s)
+ 26-27-clube-atletico-mineiro-segunda-equipacion (2 foto/s)
+ 26-27-arsenal-po-blue-edicion-especial (2 foto/s)
+ 26-27-atlanta-tercera-equipacion (2 foto/s)
+ 25-26-manchester-city-edicion-especial (2 foto/s)
+ 26-27-arsenal-po-white-edicion-especial (2 foto/s)
+ 26-27-arsenal-po-black-edicion-especial (2 foto/s)
+ 26-27-medellin-nacional-sport-club-tercera-equipacion (2 foto/s)
+ 25-26-strasbourg-tercera-equipacion (2 foto/s)
+ 25-26-inner-casa-tercera-equipacion (2 foto/s)
+ 26-27-israel-segunda-equipacion (2 foto/s)
+ 26-27-palmelas-segunda-equipacion (2 foto/s)
+ 26-27-lima-league-primera-equipacion (2 foto/s)
+ 27-27-brasil-edicion-especial (2 foto/s)
+ 25-26-hollywood-nigerian-portero (2 foto/s)
+ 26-27-israel-primera-equipacion (2 foto/s)
+ 25-26-corea-portero (2 foto/s)
+ 26-27-universidad-catolica-primera-equipacion (2 foto/s)
+ 25-26-inglaterra-portero (2 foto/s)
+ 26-27-palmelas-primera-equipacion (2 foto/s)
+ 26-27-canadian-edicion-especial (2 foto/s)
+ 26-dr-congo-segunda-equipacion (2 foto/s)
+ 26-27-jordania-tercera-equipacion (2 foto/s)
+ 26-27-grecia-primera-equipacion (2 foto/s)
+ 26-27-jordania-primera-equipacion (2 foto/s)
+ 26-27-curacao-primera-equipacion (2 foto/s)
+ 26-27-curacao-segunda-equipacion (2 foto/s)
+ 26-27-jordania-segunda-equipacion (2 foto/s)
+ 25-26-reckham-segunda-equipacion (2 foto/s)
+ 26-27-tijuana-court-primera-equipacion (2 foto/s)
+ 26-27-s-portuguese-line-primera-equipacion (2 foto/s)
+ 25-26-s-portuguese-edicion-especial (2 foto/s)
+ 26-27-s-portuguese-segunda-equipacion (2 foto/s)
+ 26-s-short-sleeve-portuguese-primera-equipacion (2 foto/s)
+ 26-colombia-primera-equipacion (2 foto/s)
+ 26-argentina-primera-equipacion (2 foto/s)
+ 26-s-short-sleeve-mexican-primera-equipacion (2 foto/s)
+ 26-japon-primera-equipacion (2 foto/s)
+ 26-s-mexican-primera-equipacion (2 foto/s)
+ 26-s-blouse-portuguese-primera-equipacion (2 foto/s)
+ 26-s-german-primera-equipacion (2 foto/s)
+ 26-27-suiza-segunda-equipacion (2 foto/s)
+ 26-27-colo-colo-primera-equipacion (2 foto/s)
+ 25-26-canadian-red-portero (2 foto/s)
+ 26-27-republica-checa-primera-equipacion (2 foto/s)
+ 26-27-haiti-tercera-equipacion (2 foto/s)
+ 25-26-club-america-portero (2 foto/s)
+ 26-27-haiti-segunda-equipacion (2 foto/s)
+ 25-26-feyenoord-cuarta-equipacion (2 foto/s)
+ 26-27-mali-segunda-equipacion (2 foto/s)
+ 26-27-mali-primera-equipacion (2 foto/s)
+ 25-26-falmicon-base-primera-equipacion (2 foto/s)
+ 25-26-benfica-portero (2 foto/s)
+ 25-26-falmicon-segunda-equipacion (2 foto/s)
+ 25-26-colocolo-primera-equipacion (2 foto/s)
+ 26-27-haiti-primera-equipacion (2 foto/s)
+ 26-27-malaysia-tercera-equipacion (2 foto/s)
+ 26-27-philippines-segunda-equipacion (2 foto/s)
+ 26-27-philippine-primera-equipacion (2 foto/s)
+ 26-27-islandia-primera-equipacion (2 foto/s)
+ 25-26-ajax-edicion-especial (2 foto/s)
+ 25-26-fiorentina-segunda-equipacion (2 foto/s)
+ 26-27-noruega-primera-equipacion (2 foto/s)
+ 26-algeria-segunda-equipacion (2 foto/s)
+ 26-27-argentina-primera-equipacion (2 foto/s)
+ 25-26-udinese-football-tercera-equipacion (2 foto/s)
+ 25-26-mainz-tercera-equipacion (2 foto/s)
+ 25-26-club-america-tercera-equipacion (2 foto/s)
+ 25-26-arsenal-blue-edicion-especial (2 foto/s)
+ 25-26-stade-rennais-fc-tercera-equipacion (2 foto/s)
+ 25-26-stade-rennais-fc-segunda-equipacion (2 foto/s)
+ 26-27-uae-primera-equipacion (2 foto/s)
+ 25-manchester-united-retro (2 foto/s)
+ 26-27-peru-primera-equipacion (2 foto/s)
+ 25-26-fornirense-tercera-equipacion (2 foto/s)
+ 25-56-cruz-azul-tercera-equipacion (2 foto/s)
+ 25-56-club-america-tercera-equipacion (2 foto/s)
+ 25-56-club-america-portero (2 foto/s)
+ 26-qatar-primera-equipacion (2 foto/s)
+ 26-27-costa-rica-primera-equipacion (2 foto/s)
+ 25-26-club-regatas-vasco-da-gama-tercera-equipacion (2 foto/s)
+ 25-26-psg-portero (2 foto/s)
+ 25-26-arsenal-black-edicion-especial (2 foto/s)
+ 26-27-norwegian-edicion-especial (2 foto/s)
+ 26-27-senegal-segunda-equipacion (2 foto/s)
+ 26-27-senegal-primera-equipacion (2 foto/s)
+ 26-suiza-segunda-equipacion (2 foto/s)
+ 26-27-tunisia-segunda-equipacion (2 foto/s)
+ 26-27-tunisian-primera-equipacion (2 foto/s)
+ 26-27-tunisian-tercera-equipacion (2 foto/s)
+ 25-26-brentford-primera-equipacion (2 foto/s)
+ 25-26-brentford-tercera-equipacion (2 foto/s)
+ 25-26-brentford-segunda-equipacion (2 foto/s)
+ 26-27-colombia-segunda-equipacion (2 foto/s)
+ 25-26-nantes-primera-equipacion (2 foto/s)
+ 25-26-bolonia-tercera-equipacion (2 foto/s)
+ 25-26-twente-blue-segunda-equipacion (2 foto/s)
+ 25-26-nantes-segunda-equipacion (2 foto/s)
+ 25-26-napoles-edicion-especial (2 foto/s)
+ 25-26-venezia-portero (2 foto/s)
+ 25-26-new-zealand-primera-equipacion (2 foto/s)
+ 25-26-wolves-tercera-equipacion (2 foto/s)
+ 25-26-colombia-primera-equipacion (2 foto/s)
+ 25-26-bolonia-segunda-equipacion (2 foto/s)
+ 25-26-cagliari-segunda-equipacion (2 foto/s)
+ 25-26-cagliari-tercera-equipacion (2 foto/s)
+ 25-26-mexican-portero (2 foto/s)
+ 25-26-le-havre-ground-primera-equipacion (2 foto/s)
+ 25-26-toluca-tercera-equipacion (2 foto/s)
+ 25-26-mexican-short-sleeved-portero (2 foto/s)
+ 25-26-vasco-da-gama-stadium-primera-equipacion (2 foto/s)
+ 25-26-leverkusen-tercera-equipacion (2 foto/s)
+ 25-26-bayern-munich-retro (2 foto/s)
+ 25-26-botafogo-tercera-equipacion (2 foto/s)
+ 25-26-mineiro-tercera-equipacion (2 foto/s)
+ 25-26-gremlino-tercera-equipacion (2 foto/s)
+ 25-26-cruzero-tercera-equipacion (2 foto/s)
+ 25-26-santos-edicion-especial (2 foto/s)
+ 25-26-parma-tercera-equipacion (2 foto/s)
+ 25-26-corinthians-tercera-equipacion (2 foto/s)
+ 25-26-barcelona-match-derby-primera-equipacion (2 foto/s)
+ 25-26-santos-black-edicion-especial (2 foto/s)
+ 25-26-aston-portero (2 foto/s)
+ 25-26-league-cup-oxford-united-ground-primera-equipacion (2 foto/s)
+ 26-suiza-primera-equipacion (2 foto/s)
+ 25-26-new-zealand-segunda-equipacion (2 foto/s)
+ 25-26-ipswich-tercera-equipacion (2 foto/s)
+ 25-26-fc-st-pauli-segunda-equipacion (2 foto/s)
+ 25-26-palermo-primera-equipacion (2 foto/s)
+ 25-26-sunderland-tercera-equipacion (2 foto/s)
+ 25-26-nuremberg-tercera-equipacion (2 foto/s)
+ 25-26-leeds-united-yellow-retro (2 foto/s)
+ 25-26-flamenco-retro (2 foto/s)
+ 26-27-hungria-primera-equipacion (2 foto/s)
+ 25-26-frankfurt-primera-equipacion (2 foto/s)
+ 25-26-braga-tercera-equipacion (2 foto/s)
+ 25-26-lyon-tercera-equipacion (2 foto/s)
+ 25-26-fc-st-pauli-tercera-equipacion (2 foto/s)
+ 25-26-dortmund-segunda-equipacion (2 foto/s)
+ 25-26-leicester-city-segunda-equipacion (2 foto/s)
+ 25-26-coventry-segunda-equipacion (2 foto/s)
+ 25-26-unione-sportiva-cremonese-primera-equipacion (2 foto/s)
+ 25-26-fulham-segunda-equipacion (2 foto/s)
+ 25-26-sampdoria-segunda-equipacion (2 foto/s)
+ 25-26-angers-primera-equipacion (2 foto/s)
+ 25-26-palmelas-tercera-equipacion (2 foto/s)
+ 25-26-southampton-football-club-segunda-equipacion (2 foto/s)
+ 26-27-colombia-primera-equipacion (2 foto/s)
+ 25-26-bahia-tercera-equipacion (2 foto/s)
+ 25-26-cruz-azul-portero (2 foto/s)
+ 25-26-wolves-segunda-equipacion (2 foto/s)
+ 25-26-stuttgart-primera-equipacion (2 foto/s)
+ 25-26-frankfurt-segunda-equipacion (2 foto/s)
+ 25-26-cruz-azul-segunda-equipacion (2 foto/s)
+ 25-26-nulenberg-segunda-equipacion (2 foto/s)
+ 25-26-huddersfield-segunda-equipacion (2 foto/s)
+ 25-26-nottingham-tercera-equipacion (2 foto/s)
+ 25-26-burnley-tercera-equipacion (2 foto/s)
+ 25-26-sheffield-segunda-equipacion (2 foto/s)
+ 25-26-colocolo-tercera-equipacion (2 foto/s)
+ 25-26-middlesbrough-tercera-equipacion (2 foto/s)
+ 25-26-clube-atletico-mineiro-black-edicion-especial (2 foto/s)
+ 25-26-bodafogo-segunda-equipacion (2 foto/s)
+ 25-26-derby-county-tercera-equipacion (2 foto/s)
+ 25-26-tottenham-hotspur-tercera-equipacion (2 foto/s)
+ 25-26-stuttgart-segunda-equipacion (2 foto/s)
+ 25-26-stuttgart-tercera-equipacion (2 foto/s)
+ 25-26-newcastle-pink-portero (2 foto/s)
+ 25-26-sporting-lisboa-edicion-especial (2 foto/s)
+ 25-26-avicca-primera-equipacion (2 foto/s)
+ 25-26-genoa-primera-equipacion (2 foto/s)
+ 25-26-genoa-segunda-equipacion (2 foto/s)
+ 25-26-berlin-united-tercera-equipacion (2 foto/s)
+ 25-26-burnley-primera-equipacion (2 foto/s)
+ 25-26-southampton-tercera-equipacion (2 foto/s)
+ 25-26-sassuolo-segunda-equipacion (2 foto/s)
+ 25-26-bournemouth-tercera-equipacion (2 foto/s)
+ 25-26-southampton-primera-equipacion (2 foto/s)
+ 25-26-colocolo-portero (2 foto/s)
+ 25-26-psg-edicion-especial (2 foto/s)
+ 25-26-birmingham-tercera-equipacion (2 foto/s)
+ 25-26-nuremberg-primera-equipacion (2 foto/s)
+ 25-26-chile-tercera-equipacion (2 foto/s)
+ 25-26-portsmouth-tercera-equipacion (2 foto/s)
+ 25-26-fulham-tercera-equipacion (2 foto/s)
+ 25-26-cruz-azul-tercera-equipacion (2 foto/s)
+ 25-26-marseille-tercera-equipacion (2 foto/s)
+ 25-26-bournemouth-primera-equipacion (2 foto/s)
+ 25-26-atlanta-segunda-equipacion (2 foto/s)
+ 25-26-sportverein-werder-bremen-tercera-equipacion (2 foto/s)
+ 25-26-lille-tercera-equipacion (2 foto/s)
+ 25-26-frankfurt-tercera-equipacion (2 foto/s)
+ 25-26-vitoria-s-c-segunda-equipacion (2 foto/s)
+ 25-26-sorrento-segunda-equipacion (2 foto/s)
+ 25-26-wednesday-tercera-equipacion (2 foto/s)
+ 25-26-huddersfield-ground-primera-equipacion (2 foto/s)
+ 25-26-universidad-catolica-edicion-especial (2 foto/s)
+ 25-26-guimaraes-primera-equipacion (2 foto/s)
+ 25-26-preston-segunda-equipacion (2 foto/s)
+ 25-26-vfl-wolfsburg-segunda-equipacion (2 foto/s)
+ 25-26-tsv-1860-munchen-segunda-equipacion (2 foto/s)
+ 25-26-plymouth-segunda-equipacion (2 foto/s)
+ 25-26-f-c-hansa-rostock-primera-equipacion (2 foto/s)
+ 25-26-rc-strasbourg-segunda-equipacion (2 foto/s)
+ 25-26-walsall-f-c-primera-equipacion (2 foto/s)
+ 25-26-rome-red-collar-tercera-equipacion (2 foto/s)
+ 25-26-leeds-united-tercera-equipacion (2 foto/s)
+ 25-26-genoa-tercera-equipacion (2 foto/s)
+ 25-26-tijuana-games-primera-equipacion (2 foto/s)
+ 25-26-tijuana-segunda-equipacion (2 foto/s)
+ 25-26-toluca-segunda-equipacion (2 foto/s)
+ 25-26-nicasa-segunda-equipacion (2 foto/s)
+ 25-26-nicasa-court-primera-equipacion (2 foto/s)
+ 25-26-leicester-city-primera-equipacion (2 foto/s)
+ 25-26-parma-segunda-equipacion (2 foto/s)
+ 25-26-flamenco-tercera-equipacion (2 foto/s)
+ 25-26-schalke-04-primera-equipacion (2 foto/s)
+ 25-26-colonia-segunda-equipacion (2 foto/s)
+ 25-26-hamburg-tercera-equipacion (2 foto/s)
+ 25-26-sg-dynamo-dresden-primera-equipacion (2 foto/s)
+ 25-26-portsmouth-primera-equipacion (2 foto/s)
+ 25-26-parma-primera-equipacion (2 foto/s)
+ 25-26-leipzig-segunda-equipacion (2 foto/s)
+ 25-26-portsmouth-segunda-equipacion (2 foto/s)
+ 25-26-millwall-f-c-primera-equipacion (2 foto/s)
+ 25-26-reading-f-c-primera-equipacion (2 foto/s)
+ 25-26-west-bromwich-primera-equipacion (2 foto/s)
+ 25-26-midderfield-primera-equipacion (2 foto/s)
+ 25-26-colonia-primera-equipacion (2 foto/s)
+ 25-26-lille-segunda-equipacion (2 foto/s)
+ 25-26-saint-etienne-primera-equipacion (2 foto/s)
+ 25-26-derby-county-primera-equipacion (2 foto/s)
+ 25-26-hamburger-sv-primera-equipacion (2 foto/s)
+ 25-26-rome-tercera-equipacion (2 foto/s)
+ 25-26-lazio-segunda-equipacion (2 foto/s)
+ 25-26-tottenham-hotspur-official-segunda-equipacion (2 foto/s)
+ 25-26-manchester-city-s-tercera-equipacion (2 foto/s)
+ 25-26-arsenal-jacquard-red-edicion-especial (2 foto/s)
+ 25-26-leeds-united-segunda-equipacion (2 foto/s)
+ 25-26-asenna-segunda-equipacion (2 foto/s)
+ 25-26-universidad-de-chile-segunda-equipacion (2 foto/s)
+ 25-26-preston-north-end-f-c-primera-equipacion (2 foto/s)
+ 25-26-west-ham-united-segunda-equipacion (2 foto/s)
+ 25-26-monterrey-segunda-equipacion (2 foto/s)
+ 25-26-atlas-segunda-equipacion (2 foto/s)
+ 25-26-wolves-primera-equipacion (2 foto/s)
+ 25-26-atlas-primera-equipacion (2 foto/s)
+ 25-26-club-leon-segunda-equipacion (2 foto/s)
+ 25-26-club-leon-primera-equipacion (2 foto/s)
+ 25-26-monterey-edicion-especial (2 foto/s)
+ 25-26-aston-tercera-equipacion (2 foto/s)
+ 25-26-montreuil-primera-equipacion (2 foto/s)
+ 25-26-bolonia-primera-equipacion (2 foto/s)
+ 25-26-toluca-primera-equipacion (2 foto/s)
+ 25-26-sunderland-segunda-equipacion (2 foto/s)
+ 25-26-ipswich-town-segunda-equipacion (2 foto/s)
+ 25-26-ipswich-town-primera-equipacion (2 foto/s)
+ 25-26-southampton-segunda-equipacion (2 foto/s)
+ 25-26-feyenoord-segunda-equipacion (2 foto/s)
+ 25-26-sc-preu-en-munster-primera-equipacion (2 foto/s)
+ 25-26-leeds-united-primera-equipacion (2 foto/s)
+ 25-26-wolfsburg-segunda-equipacion (2 foto/s)
+ 25-26-club-america-edicion-especial (2 foto/s)
+ 25-26-ecuador-primera-equipacion (2 foto/s)
+ 25-26-chivas-guadalajara-cd-segunda-equipacion (2 foto/s)
+ 25-26-botafogo-suit-portero (2 foto/s)
+ 25-26-braga-primera-equipacion (2 foto/s)
+ 25-26-porto-tercera-equipacion (2 foto/s)
+ 25-26-bielefelder-fussball-club-arminia-segunda-equipacion (2 foto/s)
+ 25-26-bielefelder-fussball-club-arminia-primera-equipacion (2 foto/s)
+ 25-26-rome-primera-equipacion (2 foto/s)
+ 25-26-psv-eindhoven-tercera-equipacion (2 foto/s)
+ 25-26-bristol-primera-equipacion (2 foto/s)
+ 25-26-red-star-primera-equipacion (2 foto/s)
+ 25-26-heidenheim-primera-equipacion (2 foto/s)
+ 25-26-heidenheim-tercera-equipacion (2 foto/s)
+ 25-26-botafogo-cuarta-equipacion (2 foto/s)
+ 25-26-heidenheim-segunda-equipacion (2 foto/s)
+ 25-26-botafogo-primera-equipacion (2 foto/s)
+ 25-26-gremio-segunda-equipacion (2 foto/s)
+ 25-26-lens-primera-equipacion (2 foto/s)
+ 25-26-marseille-segunda-equipacion (2 foto/s)
+ 25-26-lens-segunda-equipacion (2 foto/s)
+ 25-26-botafogo-portero (2 foto/s)
+ 25-26-barcelona-edicion-especial (2 foto/s)
+ 25-26-lyon-segunda-equipacion (2 foto/s)
+ 25-26-atlanta-primera-equipacion (2 foto/s)
+ 25-26-psv-eindhoven-primera-equipacion (2 foto/s)
+ 25-26-marseille-primera-equipacion (2 foto/s)
+ 25-26-rb-leipzig-against-tercera-equipacion (2 foto/s)
+ 25-26-porto-primera-equipacion (2 foto/s)
+ 25-26-benfica-version-retro (2 foto/s)
+ 25-26-japon-edicion-especial (2 foto/s)
+ 25-26-premier-league-anti-racism-edicion-especial (2 foto/s)
+ 25-26-chelsea-black-edicion-especial (2 foto/s)
+ 25-26-leverkusen-black-primera-equipacion (2 foto/s)
+ 25-26-monterrey-club-segunda-equipacion (2 foto/s)
+ 25-26-monterrey-club-tercera-equipacion (2 foto/s)
+ 23-24-arsenal-segunda-equipacion (2 foto/s)
+ 25-26-brasil-segunda-equipacion (2 foto/s)
+ 25-26-nottingham-forest-primera-equipacion (2 foto/s)
+ 25-26-minas-gerais-segunda-equipacion (2 foto/s)
+ 25-26-lille-primera-equipacion (2 foto/s)
+ 25-26-sporting-lisboa-portero (2 foto/s)
+ 25-26-moko-edicion-especial (2 foto/s)
+ 25-26-ajax-s-primera-equipacion (2 foto/s)
+ 25-26-barcelona-grey-edicion-especial (2 foto/s)
+ 25-26-barcelona-black-edicion-especial (2 foto/s)
+ 25-26-barcelona-pink-edicion-especial (2 foto/s)
+ 25-26-feyenoord-primera-equipacion (2 foto/s)
+ 25-26-psv-eindhoven-segunda-equipacion (2 foto/s)
+ 25-26-rennes-primera-equipacion (2 foto/s)
+ 25-26-strasbourg-primera-equipacion (2 foto/s)
+ 25-26-nuremberg-edicion-especial (2 foto/s)
+ 25-26-barcelona-grass-green-edicion-especial (2 foto/s)
+ 25-26-barcelona-orange-red-edicion-especial (2 foto/s)
+ 25-26-borussia-monchengladbach-segunda-equipacion (2 foto/s)
+ 25-26-fortaleza-primera-equipacion (2 foto/s)
+ 25-26-corinthians-edicion-especial (2 foto/s)
+ 25-26-cougars-primera-equipacion (2 foto/s)
+ 25-26-chivas-blue-portero (2 foto/s)
+ 25-26-vasco-da-gama-s-4-xl-segunda-equipacion (2 foto/s)
+ 25-26-newcastle-portero (2 foto/s)
+ 25-26-arsenal-portero (2 foto/s)
+ 25-26-chivas-purple-portero (2 foto/s)
+ 25-26-palermo-tercera-equipacion (2 foto/s)
+ 25-26-northampton-primera-equipacion (2 foto/s)
+ 25-26-palermo-segunda-equipacion (2 foto/s)
+ 25-26-vasco-da-gama-rj-portero (2 foto/s)
+ 25-26-vfl-wolfsburg-primera-equipacion (2 foto/s)
+ 25-26-flamenco-pink-edicion-especial (2 foto/s)
+ 25-26-fluminense-segunda-equipacion (2 foto/s)
+ 25-26-portuguese-primera-equipacion (2 foto/s)
+ 25-26-porto-segunda-equipacion (2 foto/s)
+ 25-26-tigres-portero (2 foto/s)
+ 25-26-tigres-tercera-equipacion (2 foto/s)
+ 25-26-tigres-edicion-especial (2 foto/s)
+ 25-26-newcastle-s-segunda-equipacion (2 foto/s)
+ 25-26-palmeiras-tercera-equipacion (2 foto/s)
+ 25-26-barcelona-without-ads-primera-equipacion (2 foto/s)
+ 25-26-bayern-munich-edicion-especial (2 foto/s)
+ 25-26-monterrey-primera-equipacion (2 foto/s)
+ 25-26-sao-paulo-segunda-equipacion (2 foto/s)
+ 25-26-tiger-edicion-especial (2 foto/s)
+ 25-26-inter-de-milan-edicion-especial (2 foto/s)
+ 25-26-victoria-primera-equipacion (2 foto/s)
+ 25-26-cruzeiro-segunda-equipacion (2 foto/s)
+ 25-26-bahia-segunda-equipacion (2 foto/s)
+ 25-26-corinthians-segunda-equipacion (2 foto/s)
+ 25-26-corinthians-primera-equipacion (2 foto/s)
+ 25-26-manchester-city-orange-portero (2 foto/s)
+ 25-26-bahia-primera-equipacion (2 foto/s)
+ 25-26-recife-primera-equipacion (2 foto/s)
+ 25-26-porto-red-edicion-especial (2 foto/s)
+ 25-26-barcelona-rainbow-edicion-especial (2 foto/s)
+ 25-26-benfica-flame-edicion-especial (2 foto/s)
+ 25-26-porto-edicion-especial (2 foto/s)
+ 25-26-palmeiras-portero (2 foto/s)
+ 25-26-red-bull-leipzig-primera-equipacion (2 foto/s)
+ 25-26-bragantino-red-bull-primera-equipacion (2 foto/s)
+ 25-26-borussia-dortmund-portero (2 foto/s)
+ 25-26-cruzeiro-primera-equipacion (2 foto/s)
+ 25-26-benfica-white-edicion-especial (2 foto/s)
+ 25-26-flamengo-segunda-equipacion (2 foto/s)
+ 25-26-bragantino-red-bull-segunda-equipacion (2 foto/s)
+ 25-26-morocco-primera-equipacion (2 foto/s)
+ 25-26-flamengo-pink-portero (2 foto/s)
+ 25-26-minero-black-edicion-especial (2 foto/s)
+ 25-26-borussia-dortmund-purple-portero (2 foto/s)
+ 24-25-arsenal-edicion-especial (2 foto/s)
+ 25-26-flamengo-portero (2 foto/s)
+ 25-26-minense-primera-equipacion (2 foto/s)
+ 25-26-universidad-catolica-tercera-equipacion (2 foto/s)
+ 25-26-tiger-primera-equipacion (2 foto/s)
+ 25-26-hamburg-segunda-equipacion (2 foto/s)
+ 25-26-everton-edicion-especial (2 foto/s)
+ 25-26-mineiro-primera-equipacion (2 foto/s)
+ 24-25-santos-segunda-equipacion (2 foto/s)
+ 25-26-universidad-catolica-portero (2 foto/s)
+ 25-26-flamengo-primera-equipacion (2 foto/s)
+ 24-25-psg-cuarta-equipacion (2 foto/s)
+ 25-26-colonia-edicion-especial (2 foto/s)
+ 25-26-leverkusen-edicion-especial (2 foto/s)
+ 24-25-santos-primera-equipacion (2 foto/s)
+ 24-25-sporting-lisboa-portero (2 foto/s)
+ 25-26-brasil-primera-equipacion (2 foto/s)
+ 24-25-wycombe-wanderers-primera-equipacion (2 foto/s)
+ 20-21-inter-de-milan-tercera-equipacion (2 foto/s)
+ 25-26-universidad-de-chile-edicion-especial (2 foto/s)
+ 24-25-ac-cathedral-edicion-especial (2 foto/s)
+ 25-26-universidad-catolica-segunda-equipacion (2 foto/s)
+ 24-25-bristol-rovers-f-c-tercera-equipacion (2 foto/s)
+ 25-26-tottenham-hotspur-segunda-equipacion (2 foto/s)
+ 20-psg-primera-equipacion (2 foto/s)
+ 25-26-kaiserslautern-segunda-equipacion (2 foto/s)
+ 24-25-aj-auxerre-primera-equipacion (2 foto/s)
+ 24-25-bolonia-tercera-equipacion (2 foto/s)
+ 24-25-verona-tercera-equipacion (2 foto/s)
+ 24-25-bristol-rovers-f-c-segunda-equipacion (2 foto/s)
+ 24-25-havre-segunda-equipacion (2 foto/s)
+ 24-25-bolonia-segunda-equipacion (2 foto/s)
+ 25-26-chivas-green-portero (2 foto/s)
+ 24-25-rennes-tercera-equipacion (2 foto/s)
+ 19-20-manchester-united-tercera-equipacion (2 foto/s)
+ 25-26-colo-colo-segunda-equipacion (2 foto/s)
+ 25-26-paisandu-primera-equipacion (2 foto/s)
+ 25-26-palmeiras-edicion-especial (2 foto/s)
+ 24-25-versailles-tercera-equipacion (2 foto/s)
+ 24-25-havre-primera-equipacion (2 foto/s)
+ 24-25-santos-white-edicion-especial (2 foto/s)
+ 24-25-atlas-f-c-tercera-equipacion (2 foto/s)
+ 24-25-club-america-portero (2 foto/s)
+ 24-25-dusseldorf-tercera-equipacion (2 foto/s)
+ 24-25-pacachu-tercera-equipacion (2 foto/s)
+ 24-25-club-america-primera-equipacion (2 foto/s)
+ 24-25-lens-beige-edicion-especial (2 foto/s)
+ 24-25-chelsea-fourthly-segunda-equipacion (2 foto/s)
+ 24-25-monaco-edicion-especial (2 foto/s)
+ 24-25-bernmouth-tercera-equipacion (2 foto/s)
+ 24-25-feyenoord-tercera-equipacion (2 foto/s)
+ 24-25-lens-tercera-equipacion (2 foto/s)
+ 24-25-bernmouth-segunda-equipacion (2 foto/s)
+ 24-25-munching-edicion-especial (2 foto/s)
+ 24-25-sheffield-tercera-equipacion (2 foto/s)
+ 24-25-venezia-tercera-equipacion (2 foto/s)
+ 24-25-sheffield-united-portero (2 foto/s)
+ 24-25-dusseldorf-primera-equipacion (2 foto/s)
+ 24-25-mainz-segunda-equipacion (2 foto/s)
+ 24-25-brecester-segunda-equipacion (2 foto/s)
+ 24-25-parma-segunda-equipacion (2 foto/s)
+ 24-25-arsenal-t-royal-blue-edicion-especial (2 foto/s)
+ 24-25-hull-city-tercera-equipacion (2 foto/s)
+ 24-25-brecester-tercera-equipacion (2 foto/s)
+ 24-25-portsmouth-primera-equipacion (2 foto/s)
+ 24-25-chivas-tercera-equipacion (2 foto/s)
+ 24-25-hull-city-primera-equipacion (2 foto/s)
+ 24-25-corinthian-edicion-especial (2 foto/s)
+ 24-25-hull-city-segunda-equipacion (2 foto/s)
+ 24-25-berlin-united-primera-equipacion (2 foto/s)
+ 24-25-berlin-united-segunda-equipacion (2 foto/s)
+ 24-25-monza-tercera-equipacion (2 foto/s)
+ 24-25-stade-brestois-29-segunda-equipacion (2 foto/s)
+ 24-25-santos-edicion-especial (2 foto/s)
+ 24-25-versailles-segunda-equipacion (2 foto/s)
+ 24-25-mainz-primera-equipacion (2 foto/s)
+ 24-25-augsburg-primera-equipacion (2 foto/s)
+ 24-25-como-black-portero (2 foto/s)
+ 24-25-sarernitana-segunda-equipacion (2 foto/s)
+ 24-25-arsenal-t-blood-edicion-especial (2 foto/s)
+ 24-25-salernitana-primera-equipacion (2 foto/s)
+ 24-25-a-c-monza-segunda-equipacion (2 foto/s)
+ 24-25-fc-famalicao-primera-equipacion (2 foto/s)
+ 24-25-inter-de-milan-edicion-especial (2 foto/s)
+ 24-25-napoles-tercera-equipacion (2 foto/s)
+ 24-25-stade-brestois-29-primera-equipacion (2 foto/s)
+ 24-25-a-c-monza-primera-equipacion (2 foto/s)
+ 24-25-schalke-04-pink-edicion-especial (2 foto/s)
+ 24-25-venezia-edicion-especial (2 foto/s)
+ 24-25-schalke-04-segunda-equipacion (2 foto/s)
+ 24-25-genoa-cricket-rj-tercera-equipacion (2 foto/s)
+ 24-25-schalke-04-blue-edicion-especial (2 foto/s)
+ 24-25-versailles-primera-equipacion (2 foto/s)
+ 24-25-st-etienne-segunda-equipacion (2 foto/s)
+ 24-25-monaco-tercera-equipacion (2 foto/s)
+ 24-25-coritiba-segunda-equipacion (2 foto/s)
+ 92-93-sunderland-segunda-equipacion (2 foto/s)
+ 24-25-coritiba-primera-equipacion (2 foto/s)
+ 24-25-arsenal-red-edicion-especial (2 foto/s)
+ 24-25-toluca-primera-equipacion (2 foto/s)
+ 24-25-tigres-tercera-equipacion (2 foto/s)
+ 24-25-cruz-azul-tercera-equipacion (2 foto/s)
+ 24-25-toluca-tercera-equipacion (2 foto/s)
+ 24-25-turin-segunda-equipacion (2 foto/s)
+ 24-25-uruguay-primera-equipacion (2 foto/s)
+ 24-25-nice-primera-equipacion (2 foto/s)
+ 24-25-turin-tercera-equipacion (2 foto/s)
+ 24-25-cougar-black-edicion-especial (2 foto/s)
+ 24-25-metz-segunda-equipacion (2 foto/s)
+ 24-25-metz-primera-equipacion (2 foto/s)
+ 24-25-bari-tercera-equipacion (2 foto/s)
+ 24-25-venezia-portero (2 foto/s)
+ 24-25-bari-segunda-equipacion (2 foto/s)
+ 24-25-red-bull-leipzig-segunda-equipacion (2 foto/s)
+ 24-25-heerenveen-primera-equipacion (2 foto/s)
+ 24-25-bari-primera-equipacion (2 foto/s)
+ 24-25-rome-t-blood-edicion-especial (2 foto/s)
+ 24-25-como-primera-equipacion (2 foto/s)
+ 24-25-sampdoria-segunda-equipacion (2 foto/s)
+ 24-25-como-segunda-equipacion (2 foto/s)
+ 24-25-venezia-segunda-equipacion (2 foto/s)
+ 24-25-cagliari-segunda-equipacion (2 foto/s)
+ 24-25-leicester-city-tercera-equipacion (2 foto/s)
+ 24-25-berlin-united-tercera-equipacion (2 foto/s)
+ 24-25-venezia-primera-equipacion (2 foto/s)
+ 24-25-flamengo-tercera-equipacion (2 foto/s)
+ 24-25-tijuana-red-edicion-especial (2 foto/s)
+ 24-25-freiburg-primera-equipacion (2 foto/s)
+ 24-25-recife-tercera-equipacion (2 foto/s)
+ 24-25-colo-colo-tercera-equipacion (2 foto/s)
+ 24-25-universidad-de-chile-tercera-equipacion (2 foto/s)
+ 24-25-brasil-tercera-equipacion (2 foto/s)
+ 24-25-hertha-berlin-tercera-equipacion (2 foto/s)
+ 24-25-guimaraes-segunda-equipacion (2 foto/s)
+ 24-25-napoles-edicion-especial (2 foto/s)
+ 24-25-hertha-berlin-cuarta-equipacion (2 foto/s)
+ 24-25-santos-tercera-equipacion (2 foto/s)
+ 24-25-fluminen-tercera-equipacion (2 foto/s)
+ 24-25-psg-edicion-especial (2 foto/s)
+ 24-25-luton-town-primera-equipacion (2 foto/s)
+ 24-25-preston-primera-equipacion (2 foto/s)
+ 24-25-preston-segunda-equipacion (2 foto/s)
+ 24-25-preston-tercera-equipacion (2 foto/s)
+ 24-25-stuttgart-champions-league-version-white-primera-equipacion (2 foto/s)
+ 24-25-torino-primera-equipacion (2 foto/s)
+ 24-25-birmingham-city-tercera-equipacion (2 foto/s)
+ 24-25-bayern-munich-edicion-especial (2 foto/s)
+ 24-25-genoa-segunda-equipacion (2 foto/s)
+ 24-25-ipswich-tercera-equipacion (2 foto/s)
+ 24-25-st-etienne-tercera-equipacion (2 foto/s)
+ 24-25-coventry-tercera-equipacion (2 foto/s)
+ 24-25-aston-villa-tercera-equipacion (2 foto/s)
+ 24-25-udinese-segunda-equipacion (2 foto/s)
+ 24-25-udinese-tercera-equipacion (2 foto/s)
+ 24-25-verona-primera-equipacion (2 foto/s)
+ 24-25-sampdoria-primera-equipacion (2 foto/s)
+ 24-25-stuttgart-primera-equipacion (2 foto/s)
+ 24-25-fiorentina-segunda-equipacion (2 foto/s)
+ 24-25-nottingham-forest-tercera-equipacion (2 foto/s)
+ 24-25-ipswich-town-segunda-equipacion (2 foto/s)
+ 24-25-blackburn-segunda-equipacion (2 foto/s)
+ 24-25-psv-eindhoven-segunda-equipacion (2 foto/s)
+ 24-25-crystal-palace-tercera-equipacion (2 foto/s)
+ 24-25-stuttgart-tercera-equipacion (2 foto/s)
+ 24-25-roma-tercera-equipacion (2 foto/s)
+ 24-25-stuttgart-segunda-equipacion (2 foto/s)
+ 24-25-bordeaux-segunda-equipacion (2 foto/s)
+ 24-25-bordeaux-primera-equipacion (2 foto/s)
+ 24-25-palmeiras-segunda-equipacion (2 foto/s)
+ 24-25-cagliari-primera-equipacion (2 foto/s)
+ 24-25-frankfurt-segunda-equipacion (2 foto/s)
+ 24-25-st-pauli-tercera-equipacion (2 foto/s)
+ 24-25-west-ham-tercera-equipacion (2 foto/s)
+ 24-25-cagliari-tercera-equipacion (2 foto/s)
+ 24-25-toulouse-primera-equipacion (2 foto/s)
+ 24-25-toulouse-segunda-equipacion (2 foto/s)
+ 24-25-swansea-city-primera-equipacion (2 foto/s)
+ 24-25-leeds-united-primera-equipacion (2 foto/s)
+ 24-25-coventry-segunda-equipacion (2 foto/s)
+ 24-25-sheffield-united-tercera-equipacion (2 foto/s)
+ 24-25-lille-tercera-equipacion (2 foto/s)
+ 24-25-millwall-primera-equipacion (2 foto/s)
+ 24-25-schalke-04-primera-equipacion (2 foto/s)
+ 24-25-colonia-segunda-equipacion (2 foto/s)
+ 24-25-schalke-04-tercera-equipacion (2 foto/s)
+ 24-25-west-brom-primera-equipacion (2 foto/s)
+ 24-25-monaco-segunda-equipacion (2 foto/s)
+ 24-25-lazio-segunda-equipacion (2 foto/s)
+ 24-25-monaco-primera-equipacion (2 foto/s)
+ 24-25-brighton-segunda-equipacion (2 foto/s)
+ 24-25-sheffield-united-primera-equipacion (2 foto/s)
+ 24-25-sheffield-united-segunda-equipacion (2 foto/s)
+ 24-25-braga-segunda-equipacion (2 foto/s)
+ 24-25-rc-lens-segunda-equipacion (2 foto/s)
+ 24-25-guimaraes-primera-equipacion (2 foto/s)
+ 24-25-chelsea-tercera-equipacion (2 foto/s)
+ 24-25-udinese-primera-equipacion (2 foto/s)
+ 24-25-dortmund-tercera-equipacion (2 foto/s)
+ 24-25-marseille-tercera-equipacion (2 foto/s)
+ 24-25-wolves-at-segunda-equipacion (2 foto/s)
+ 24-25-derby-county-tercera-equipacion (2 foto/s)
+ 24-25-roma-black-portero (2 foto/s)
+ 24-25-hertha-berlin-segunda-equipacion (2 foto/s)
+ 24-25-sheffield-wednesday-tercera-equipacion (2 foto/s)
+ 24-25-aston-villa-segunda-equipacion (2 foto/s)
+ 24-25-hertha-bsc-primera-equipacion (2 foto/s)
+ 24-25-ajax-tercera-equipacion (2 foto/s)
+ 24-25-rennes-primera-equipacion (2 foto/s)
+ 24-25-frankfurt-tercera-equipacion (2 foto/s)
+ 24-25-moenshing-tercera-equipacion (2 foto/s)
+ 24-25-coventry-primera-equipacion (2 foto/s)
+ 24-25-holsteinkiel-primera-equipacion (2 foto/s)
+ 24-25-felter-primera-equipacion (2 foto/s)
+ 24-25-reading-primera-equipacion (2 foto/s)
+ 24-25-sunderland-tercera-equipacion (2 foto/s)
+ 24-25-colonia-primera-equipacion (2 foto/s)
+ 24-25-fulham-segunda-equipacion (2 foto/s)
+ 24-25-fulham-primera-equipacion (2 foto/s)
+ 24-25-leverkusen-edicion-especial (2 foto/s)
+ 24-25-arsenal-black-portero (2 foto/s)
+ 24-25-blackburn-tercera-equipacion (2 foto/s)
+ 24-25-sao-paulo-tercera-equipacion (2 foto/s)
+ 24-25-ipswich-town-football-club-tercera-equipacion (2 foto/s)
+ 24-25-atyada-segunda-equipacion (2 foto/s)
+ 24-25-atalanta-primera-equipacion (2 foto/s)
+ 24-25-newcastle-segunda-equipacion (2 foto/s)
+ 24-25-sporting-lisboa-tercera-equipacion (2 foto/s)
+ 24-25-southampton-primera-equipacion (2 foto/s)
+ 24-25-roma-segunda-equipacion (2 foto/s)
+ 24-25-bayern-munich-tercera-equipacion (2 foto/s)
+ 24-25-chelsea-with-commercials-primera-equipacion (2 foto/s)
+ 24-25-middlesbrough-tercera-equipacion (2 foto/s)
+ 24-25-bayer-leverkusen-tercera-equipacion (2 foto/s)
+ 24-25-leicester-city-segunda-equipacion (2 foto/s)
+ 24-25-bolonia-primera-equipacion (2 foto/s)
+ 24-25-aston-villa-primera-equipacion (2 foto/s)
+ 24-25-fiorentina-primera-equipacion (2 foto/s)
+ 24-25-rennes-segunda-equipacion (2 foto/s)
+ 24-25-bolton-primera-equipacion (2 foto/s)
+ 24-25-manchester-united-tercera-equipacion (2 foto/s)
+ 24-25-leeds-united-segunda-equipacion (2 foto/s)
+ 24-25-wolves-primera-equipacion (2 foto/s)
+ 24-25-manchester-city-tercera-equipacion (2 foto/s)
+ 24-25-roma-primera-equipacion (2 foto/s)
+ 24-25-wolfsburg-segunda-equipacion (2 foto/s)
+ 24-25-wolfsburg-primera-equipacion (2 foto/s)
+ 24-25-everton-primera-equipacion (2 foto/s)
+ 24-25-dutch-black-edicion-especial (2 foto/s)
+ 24-25-lyon-primera-equipacion (2 foto/s)
+ 24-25-wrexham-tercera-equipacion (2 foto/s)
+ 24-25-lille-primera-equipacion (2 foto/s)
+ 24-25-benfica-tercera-equipacion (2 foto/s)
+ 24-25-nottingham-forest-segunda-equipacion (2 foto/s)
+ 24-25-portsmouth-segunda-equipacion (2 foto/s)
+ 24-25-newcastle-tercera-equipacion (2 foto/s)
+ 24-25-frankfurt-primera-equipacion (2 foto/s)
+ 24-25-sassuolo-primera-equipacion (2 foto/s)
+ 24-25-holstekiel-segunda-equipacion (2 foto/s)
+ 24-25-nottingham-forest-primera-equipacion (2 foto/s)
+ 24-25-nantes-primera-equipacion (2 foto/s)
+ 24-25-manchester-united-portero (2 foto/s)
+ 24-25-nantes-segunda-equipacion (2 foto/s)
+ 24-25-atlas-primera-equipacion (2 foto/s)
+ 24-25-atlas-segunda-equipacion (2 foto/s)
+ 24-25-tijuana-primera-equipacion (2 foto/s)
+ 24-25-tijuana-segunda-equipacion (2 foto/s)
+ 24-25-braga-primera-equipacion (2 foto/s)
+ 24-25-leverkusen-segunda-equipacion (2 foto/s)
+ 24-25-birmingham-city-segunda-equipacion (2 foto/s)
+ 24-25-everton-segunda-equipacion (2 foto/s)
+ 24-25-inter-de-milan-primera-equipacion (2 foto/s)
+ 24-25-crystal-palace-segunda-equipacion (2 foto/s)
+ 24-25-psv-eindhoven-primera-equipacion (2 foto/s)
+ 24-25-leeds-united-portero (2 foto/s)
+ 24-25-napoles-segunda-equipacion (2 foto/s)
+ 24-25-ajax-primera-equipacion (2 foto/s)
+ 24-25-sunderland-segunda-equipacion (2 foto/s)
+ 24-25-psv-eindhoven-tercera-equipacion (2 foto/s)
+ 24-25-brighton-primera-equipacion (2 foto/s)
+ 24-25-middlesbrough-segunda-equipacion (2 foto/s)
+ 24-25-birmingham-primera-equipacion (2 foto/s)
+ 24-25-ipswich-town-primera-equipacion (2 foto/s)
+ 24-25-stoke-city-primera-equipacion (2 foto/s)
+ 24-25-sheffield-wednesday-f-c-segunda-equipacion (2 foto/s)
+ 24-25-lyon-segunda-equipacion (2 foto/s)
+ 24-25-brasil-segunda-equipacion (2 foto/s)
+ 24-25-hoffenheim-primera-equipacion (2 foto/s)
+ 24-25-bournemouth-primera-equipacion (2 foto/s)
+ 24-25-leverkusen-primera-equipacion (2 foto/s)
+ 24-25-st-pauli-segunda-equipacion (2 foto/s)
+ 24-25-leicester-city-primera-equipacion (2 foto/s)
+ 24-25-st-etienne-primera-equipacion (2 foto/s)
+ 24-25-st-pauli-primera-equipacion (2 foto/s)
+ 24-25-lazio-primera-equipacion (2 foto/s)
+ 24-25-west-ham-segunda-equipacion (2 foto/s)
+ 24-25-monchengladbach-primera-equipacion (2 foto/s)
+ 24-25-monchengladbach-segunda-equipacion (2 foto/s)
+ 24-25-napoles-primera-equipacion (2 foto/s)
+ 24-25-manchester-city-portero (2 foto/s)
+ 24-25-cruz-azul-segunda-equipacion (2 foto/s)
+ 24-25-benfica-segunda-equipacion (2 foto/s)
+ 24-25-cruz-azul-primera-equipacion (2 foto/s)
+ 24-25-club-america-segunda-equipacion (2 foto/s)
+ 24-25-lens-primera-equipacion (2 foto/s)
+ 24-25-corinthians-tercera-equipacion (2 foto/s)
+ 22-23-corinthians-tercera-equipacion (2 foto/s)
+ 24-25-crissiumah-primera-equipacion (2 foto/s)
+ 24-25-manchester-united-primera-equipacion (2 foto/s)
+ 24-25-newcastle-primera-equipacion (2 foto/s)
+ 24-25-crissiumah-segunda-equipacion (2 foto/s)
+ 24-25-psg-tercera-equipacion (2 foto/s)
+ 24-25-recife-segunda-equipacion (2 foto/s)
+ 24-25-holanda-primera-equipacion (2 foto/s)
+ 24-25-manchester-city-segunda-equipacion (2 foto/s)
+ 24-25-marseille-segunda-equipacion (2 foto/s)
+ 24-25-tigres-segunda-equipacion (2 foto/s)
+ 24-25-feyenoord-segunda-equipacion (2 foto/s)
+ 24-25-vasco-da-gama-primera-equipacion (2 foto/s)
+ 24-25-feyenoord-primera-equipacion (2 foto/s)
+ 24-25-recife-primera-equipacion (2 foto/s)
+ 24-25-west-ham-united-primera-equipacion (2 foto/s)
+ 24-25-dortmund-primera-equipacion (2 foto/s)
+ 24-25-manchester-united-segunda-equipacion (2 foto/s)
+ 24-25-bayer-04-leverkusen-primera-equipacion (2 foto/s)
+ 24-25-bayer-04-leverkusen-segunda-equipacion (2 foto/s)
+ 24-25-benfica-primera-equipacion (2 foto/s)
+ 24-25-club-social-y-deportivo-colo-colo-yellow-portero (2 foto/s)
+ 24-25-brasil-portero (2 foto/s)
+ 24-25-tottenham-yellow-portero (2 foto/s)
+ 24-25-vasco-da-gama-edicion-especial (2 foto/s)
+ 24-25-manchester-city-primera-equipacion (2 foto/s)
+ 24-25-paisanse-segunda-equipacion (2 foto/s)
+ 24-25-flamengo-segunda-equipacion (2 foto/s)
+ 24-escocia-segunda-equipacion (2 foto/s)
+ 24-25-santa-cruz-street-segunda-equipacion (2 foto/s)
+ 24-25-fluminen-segunda-equipacion (2 foto/s)
+ 24-25-corinthians-primera-equipacion (2 foto/s)
+ 24-25-palmeiras-portero (2 foto/s)
+ 24-25-santa-cruz-street-primera-equipacion (2 foto/s)
+ 24-25-corinthians-segunda-equipacion (2 foto/s)
+ 24-25-victoria-red-edicion-especial (2 foto/s)
+ 24-escocia-primera-equipacion (2 foto/s)
+ 24-25-west-ham-united-segunda-equipacion (2 foto/s)
+ 24-25-chelsea-segunda-equipacion (2 foto/s)
+ 24-25-vasco-da-gama-green-portero (2 foto/s)
+ 24-25-brasil-primera-equipacion (2 foto/s)
+ 24-25-sporting-lisboa-edicion-especial (2 foto/s)
+ 24-25-universidad-de-chile-segunda-equipacion (2 foto/s)
+ 24-25-colo-colo-segunda-equipacion (2 foto/s)
+ 24-25-universidad-de-chile-primera-equipacion (2 foto/s)
+ 24-25-colo-colo-primera-equipacion (2 foto/s)
+ 24-25-flamengo-primera-equipacion (2 foto/s)
+ 24-25-vasco-da-gama-segunda-equipacion (2 foto/s)
+ 24-25-sporting-lisboa-cuarta-equipacion (2 foto/s)
+ 24-25-sao-paulo-primera-equipacion (2 foto/s)
+ 24-25-panimelas-segunda-equipacion (2 foto/s)
+ 24-25-sao-paulo-segunda-equipacion (2 foto/s)
+ 24-25-palmeiras-primera-equipacion (2 foto/s)
+ 24-arsenal-white-edicion-especial (2 foto/s)
+ 24-25-paisanse-primera-equipacion (2 foto/s)
+ 24-25-dortmund-edicion-especial (2 foto/s)
+ 24-25-manchester-year-dragon-edicion-especial (2 foto/s)
+ 23-24-arsenal-edicion-especial (2 foto/s)
+ 23-24-fiorentina-tercera-equipacion (2 foto/s)
+ 23-24-guarani-primera-equipacion (2 foto/s)
+ 23-24-lazio-tercera-equipacion (2 foto/s)
+ 24-manchester-united-edicion-especial (2 foto/s)
+ 23-24-aston-villa-portero (2 foto/s)
+ 23-24-inter-de-milan-primera-equipacion (2 foto/s)
+ 23-24-venezia-portero (2 foto/s)
+ 23-24-psg-cuarta-equipacion (2 foto/s)
+ 23-24-leverkusen-tercera-equipacion (2 foto/s)
+ 23-24-atalanta-tercera-equipacion (2 foto/s)
+ 23-24-parma-primera-equipacion (2 foto/s)
+ 23-24-bari-tercera-equipacion (2 foto/s)
+ 23-24-brasil-edicion-especial (2 foto/s)
+ 23-24-bari-segunda-equipacion (2 foto/s)
+ 23-24-brasil-tercera-equipacion (2 foto/s)
+ 23-24-venezia-tercera-equipacion (2 foto/s)
+ 23-24-brasil-portero (2 foto/s)
+ 23-24-chelsea-primera-equipacion (2 foto/s)
+ 23-24-roma-tercera-equipacion (2 foto/s)
+ 23-24-bayern-munich-tercera-equipacion (2 foto/s)
+ 23-24-psg-tercera-equipacion (2 foto/s)
+ 23-24-napoles-tercera-equipacion (2 foto/s)
+ 23-24-nabil-orange-portero (2 foto/s)
+ 23-24-nabil-yellow-portero (2 foto/s)
+ 23-24-bolonia-primera-equipacion (2 foto/s)
+ 23-24-genoa-c-f-c-primera-equipacion (2 foto/s)
+ 23-24-sporting-lisboa-tercera-equipacion (2 foto/s)
+ 23-24-dortmund-edicion-especial (2 foto/s)
+ 23-24-ac-orange-portero (2 foto/s)
+ 23-24-lazio-primera-equipacion (2 foto/s)
+ 23-24-ajax-tercera-equipacion (2 foto/s)
+ 23-24-lazio-segunda-equipacion (2 foto/s)
+ 23-24-bota-buddo-green-portero (2 foto/s)
+ 23-24-roma-segunda-equipacion (2 foto/s)
+ 23-24-benfica-tercera-equipacion (2 foto/s)
+ 23-24-fiorentina-segunda-equipacion (2 foto/s)
+ 23-24-nice-primera-equipacion (2 foto/s)
+ 23-24-venezia-segunda-equipacion (2 foto/s)
+ 23-24-criciuma-esporte-clube-primera-equipacion (2 foto/s)
+ 23-24-newcastle-tercera-equipacion (2 foto/s)
+ 23-24-tottenham-tercera-equipacion (2 foto/s)
+ 23-24-sporting-lisboa-segunda-equipacion (2 foto/s)
+ 23-24-napoles-segunda-equipacion (2 foto/s)
+ 23-24-marseille-segunda-equipacion (2 foto/s)
+ 23-24-chelsea-segunda-equipacion (2 foto/s)
+ 23-24-marseille-primera-equipacion (2 foto/s)
+ 23-24-venezia-primera-equipacion (2 foto/s)
+ 23-24-kritchuma-youth-primera-equipacion (2 foto/s)
+ 23-24-napoles-primera-equipacion (2 foto/s)
+ 23-24-sporting-lisboa-primera-equipacion (2 foto/s)
+ 23-24-ituano-sp-segunda-equipacion (2 foto/s)
+ 23-24-newcastle-segunda-equipacion (2 foto/s)
+ 23-24-ituano-sp-primera-equipacion (2 foto/s)
+ 22-23-botagago-white-portero (2 foto/s)
+ 22-23-botagago-yellow-portero (2 foto/s)
+ 23-24-flamenco-black-edicion-especial (2 foto/s)
+ 10-corinthians-primera-equipacion (2 foto/s)
+ 10-corinthians-segunda-equipacion (2 foto/s)
+ 23-24-victoria-tercera-equipacion (2 foto/s)
+ 23-24-arsenal-segunda-equipacion (2 foto/s)
+ 23-24-psg-segunda-equipacion (2 foto/s)
+ 23-24-victoria-segunda-equipacion (2 foto/s)
+ 23-24-criciuma-segunda-equipacion (2 foto/s)
+ 17-18-flamengo-throwback-tercera-equipacion (2 foto/s)
+ 23-24-tottenham-hotspur-segunda-equipacion (2 foto/s)
+ 23-24-club-america-primera-equipacion (2 foto/s)
+ 23-24-manchester-city-treble-winner-primera-equipacion (2 foto/s)
+ 23-24-newcastle-primera-equipacion (2 foto/s)
+ 11-12-corinthians-tercera-equipacion (2 foto/s)
+ 14-15-corinthians-tercera-equipacion (2 foto/s)
+ 23-24-crystal-palace-primera-equipacion (2 foto/s)
+ 23-24-victoria-primera-equipacion (2 foto/s)
+ 14-15-corinthians-yellow-portero (2 foto/s)
+ 17-18-flamengo-s-xx-primera-equipacion (2 foto/s)
+ 23-24-corinthians-tercera-equipacion (2 foto/s)
+ 23-24-psg-primera-equipacion (2 foto/s)
+ 12-santos-white-segunda-equipacion (2 foto/s)
+ 23-24-avai-fc-florianopolis-sc-segunda-equipacion (2 foto/s)
+ 23-24-borussia-dortmund-primera-equipacion (2 foto/s)
+ 23-24-flamenco-red-edicion-especial (2 foto/s)
+ 14-15-flamengo-tercera-equipacion (2 foto/s)
+ 19-20-flamengo-segunda-equipacion (2 foto/s)
+ 95-feyenoord-primera-equipacion (2 foto/s)
+ 23-24-inter-de-milan-segunda-equipacion (2 foto/s)
+ 23-24-bayern-munich-segunda-equipacion (2 foto/s)
+ 23-24-fulham-primera-equipacion (2 foto/s)
+ 23-24-leeds-united-icons-retro (2 foto/s)
+ 23-24-arsenal-tercera-equipacion (2 foto/s)
+ 23-24tottenham-hotspur-primera-equipacion (2 foto/s)
+ 86-colo-colo-segunda-equipacion (2 foto/s)
+ 23-24-barry-black-edicion-especial (2 foto/s)
+ 23-24-club-america-segunda-equipacion (2 foto/s)
+ 23-24-barry-white-edicion-especial (2 foto/s)
+ 23-24-manchester-city-segunda-equipacion (2 foto/s)
+ 22-23-psg-tercera-equipacion (2 foto/s)
+ 23-24-arsenal-primera-equipacion (2 foto/s)
+ 23-24-manchester-city-primera-equipacion (2 foto/s)
+ 21-22-ajax-primera-equipacion (2 foto/s)
+ 22-23-inter-de-milan-segunda-equipacion (2 foto/s)
+ 22-23-inter-de-milan-primera-equipacion (2 foto/s)
+ 22-23-bayern-munich-segunda-equipacion (2 foto/s)
+ 22-23-psg-segunda-equipacion (2 foto/s)
+ 22-23-tottenham-hotspur-2-segunda-equipacion (2 foto/s)
+ 22-23-tottenham-segunda-equipacion (2 foto/s)
+ 22-23-chelsea-primera-equipacion (2 foto/s)
+ 22-23-arsenal-segunda-equipacion (2 foto/s)
+ 22-23-tottenham-primera-equipacion (2 foto/s)
+ 22-23-bayern-munich-primera-equipacion (2 foto/s)
+ 22-23-arsenal-primera-equipacion (2 foto/s)
+ 22-23-psg-primera-equipacion (2 foto/s)
+ 21-22-ajax-3-segunda-equipacion (2 foto/s)
+ 21-22-ajax-tercera-equipacion (2 foto/s)
+ 22-23-chelsea-segunda-equipacion (2 foto/s)

Descargados: 1530. Sin fotos: 0. Fallos: 0.
